Archive member included to satisfy reference by file (symbol)

/usr/lib/gcc/arm-none-eabi/13.2.1/thumb/v6-m/nofp/libgcc.a(_dvmd_tls.o)
                              CMakeFiles/freertos_demo.dir/usr/local/picosdk/src/rp2_common/pico_divider/divider_hardware.S.o (__aeabi_idiv0)
/usr/lib/gcc/arm-none-eabi/13.2.1/../../../arm-none-eabi/lib/thumb/v6-m/nofp/libg.a(libc_a-calloc.o)
                              CMakeFiles/freertos_demo.dir/usr/local/picosdk/src/rp2_common/pico_malloc/malloc.c.o (calloc)
/usr/lib/gcc/arm-none-eabi/13.2.1/../../../arm-none-eabi/lib/thumb/v6-m/nofp/libg.a(libc_a-impure.o)
                              /usr/lib/gcc/arm-none-eabi/13.2.1/../../../arm-none-eabi/lib/thumb/v6-m/nofp/libg.a(libc_a-calloc.o) (_impure_ptr)
/usr/lib/gcc/arm-none-eabi/13.2.1/../../../arm-none-eabi/lib/thumb/v6-m/nofp/libg.a(libc_a-callocr.o)
                              /usr/lib/gcc/arm-none-eabi/13.2.1/../../../arm-none-eabi/lib/thumb/v6-m/nofp/libg.a(libc_a-calloc.o) (_calloc_r)
/usr/lib/gcc/arm-none-eabi/13.2.1/../../../arm-none-eabi/lib/thumb/v6-m/nofp/libg.a(libc_a-realloc.o)
                              CMakeFiles/freertos_demo.dir/usr/local/picosdk/src/rp2_common/pico_malloc/malloc.c.o (realloc)
/usr/lib/gcc/arm-none-eabi/13.2.1/../../../arm-none-eabi/lib/thumb/v6-m/nofp/libg.a(libc_a-mallocr.o)
                              /usr/lib/gcc/arm-none-eabi/13.2.1/../../../arm-none-eabi/lib/thumb/v6-m/nofp/libg.a(libc_a-callocr.o) (_malloc_r)
/usr/lib/gcc/arm-none-eabi/13.2.1/../../../arm-none-eabi/lib/thumb/v6-m/nofp/libg.a(libc_a-freer.o)
                              /usr/lib/gcc/arm-none-eabi/13.2.1/../../../arm-none-eabi/lib/thumb/v6-m/nofp/libg.a(libc_a-mallocr.o) (_free_r)
/usr/lib/gcc/arm-none-eabi/13.2.1/../../../arm-none-eabi/lib/thumb/v6-m/nofp/libg.a(libc_a-memcmp.o)
                              CMakeFiles/freertos_demo.dir/usr/local/picosdk/src/rp2_common/pico_atomic/atomic.c.o (memcmp)
/usr/lib/gcc/arm-none-eabi/13.2.1/../../../arm-none-eabi/lib/thumb/v6-m/nofp/libg.a(libc_a-malloc.o)
                              CMakeFiles/freertos_demo.dir/usr/local/picosdk/src/rp2_common/pico_malloc/malloc.c.o (malloc)
/usr/lib/gcc/arm-none-eabi/13.2.1/../../../arm-none-eabi/lib/thumb/v6-m/nofp/libg.a(libc_a-sysconf.o)
                              /usr/lib/gcc/arm-none-eabi/13.2.1/../../../arm-none-eabi/lib/thumb/v6-m/nofp/libg.a(libc_a-mallocr.o) (sysconf)
/usr/lib/gcc/arm-none-eabi/13.2.1/../../../arm-none-eabi/lib/thumb/v6-m/nofp/libg.a(libc_a-init.o)
                              /usr/lib/gcc/arm-none-eabi/13.2.1/../../../arm-none-eabi/lib/thumb/v6-m/nofp/crt0.o (__libc_init_array)
/usr/lib/gcc/arm-none-eabi/13.2.1/../../../arm-none-eabi/lib/thumb/v6-m/nofp/libg.a(libc_a-reallocr.o)
                              /usr/lib/gcc/arm-none-eabi/13.2.1/../../../arm-none-eabi/lib/thumb/v6-m/nofp/libg.a(libc_a-realloc.o) (_realloc_r)
/usr/lib/gcc/arm-none-eabi/13.2.1/../../../arm-none-eabi/lib/thumb/v6-m/nofp/libg.a(libc_a-mktime.o)
                              CMakeFiles/freertos_demo.dir/usr/local/picosdk/src/common/pico_util/datetime.c.o (mktime)
/usr/lib/gcc/arm-none-eabi/13.2.1/../../../arm-none-eabi/lib/thumb/v6-m/nofp/libg.a(libc_a-mlock.o)
                              /usr/lib/gcc/arm-none-eabi/13.2.1/../../../arm-none-eabi/lib/thumb/v6-m/nofp/libg.a(libc_a-mallocr.o) (__malloc_lock)
/usr/lib/gcc/arm-none-eabi/13.2.1/../../../arm-none-eabi/lib/thumb/v6-m/nofp/libg.a(libc_a-findfp.o)
                              /usr/lib/gcc/arm-none-eabi/13.2.1/../../../arm-none-eabi/lib/thumb/v6-m/nofp/libg.a(libc_a-impure.o) (__sf)
/usr/lib/gcc/arm-none-eabi/13.2.1/../../../arm-none-eabi/lib/thumb/v6-m/nofp/libg.a(libc_a-tzlock.o)
                              /usr/lib/gcc/arm-none-eabi/13.2.1/../../../arm-none-eabi/lib/thumb/v6-m/nofp/libg.a(libc_a-mktime.o) (__tz_lock)
/usr/lib/gcc/arm-none-eabi/13.2.1/../../../arm-none-eabi/lib/thumb/v6-m/nofp/libg.a(libc_a-ctype_.o)
                              CMakeFiles/freertos_demo.dir/usr/local/picosdk/lib/tinyusb/src/tusb.c.o (_ctype_)
/usr/lib/gcc/arm-none-eabi/13.2.1/../../../arm-none-eabi/lib/thumb/v6-m/nofp/libg.a(libc_a-atexit.o)
                              /usr/lib/gcc/arm-none-eabi/13.2.1/../../../arm-none-eabi/lib/thumb/v6-m/nofp/crt0.o (atexit)
/usr/lib/gcc/arm-none-eabi/13.2.1/../../../arm-none-eabi/lib/thumb/v6-m/nofp/libg.a(libc_a-lcltime_r.o)
                              CMakeFiles/freertos_demo.dir/usr/local/picosdk/src/common/pico_util/datetime.c.o (localtime_r)
/usr/lib/gcc/arm-none-eabi/13.2.1/../../../arm-none-eabi/lib/thumb/v6-m/nofp/libg.a(libc_a-strlen-stub.o)
                              CMakeFiles/freertos_demo.dir/usr/local/picosdk/src/rp2_common/pico_stdio/stdio.c.o (strlen)
/usr/lib/gcc/arm-none-eabi/13.2.1/../../../arm-none-eabi/lib/thumb/v6-m/nofp/libg.a(libc_a-sbrkr.o)
                              /usr/lib/gcc/arm-none-eabi/13.2.1/../../../arm-none-eabi/lib/thumb/v6-m/nofp/libg.a(libc_a-mallocr.o) (_sbrk_r)
[...]
Memory Configuration

Name             Origin             Length             Attributes
FLASH            0x10000000         0x00200000         xr
RAM              0x20000000         0x00040000         xrw
SCRATCH_X        0x20040000         0x00001000         xrw
SCRATCH_Y        0x20041000         0x00001000         xrw
*default*        0x00000000         0xffffffff

Linker script and memory map

LOAD /usr/lib/gcc/arm-none-eabi/13.2.1/thumb/v6-m/nofp/crti.o
LOAD /usr/lib/gcc/arm-none-eabi/13.2.1/thumb/v6-m/nofp/crtbegin.o
LOAD /usr/lib/gcc/arm-none-eabi/13.2.1/../../../arm-none-eabi/lib/thumb/v6-m/nofp/crt0.o

.flash_begin    0x10000000        0x0
                0x10000000                        __flash_binary_start = .

.boot2          0x10000000      0x100
                0x10000000                        __boot2_start__ = .
 *(.boot2)
 .boot2         0x10000000      0x100 pico-sdk/src/rp2040/boot_stage2/CMakeFiles/bs2_default_library.dir/bs2_default_padded_checksummed.S.o
                0x10000100                        __boot2_end__ = .
                0x00000001                        ASSERT (((__boot2_end__ - __boot2_start__) == 0x100), ERROR: Pico second stage bootloader must be 256 bytes in size)

.text           0x10000100     0x927c
                0x10000100                        __logical_binary_start = .
 *(.vectors)
 .vectors       0x10000100       0xd4 CMakeFiles/freertos_demo.dir/usr/local/picosdk/src/rp2_common/pico_crt0/crt0.S.o
                0x10000100                __vectors
                0x10000100                __VECTOR_TABLE
                0x100001c0                isr_invalid
                0x100001c0                __default_isrs_start
                0x100001c2                isr_nmi
                0x100001c4                isr_hardfault
                0x100001c6                isr_svcall
                0x100001c8                isr_pendsv
                0x100001ca                isr_systick
                0x100001cc                isr_irq30
                0x100001cc                __unhandled_user_irq
                0x100001cc                isr_irq13
                0x100001cc                isr_irq27
                0x100001cc                isr_irq31
                0x100001cc                isr_irq5
                0x100001cc                isr_irq11
                0x100001cc                isr_irq23
                0x100001cc                isr_irq18
                0x100001cc                isr_irq28
                0x100001cc                isr_irq19
                0x100001cc                isr_irq0
                0x100001cc                isr_irq6
                0x100001cc                isr_irq22
                0x100001cc                isr_irq17
                0x100001cc                isr_irq14
                0x100001cc                isr_irq2
                0x100001cc                isr_irq10
                0x100001cc                isr_irq8
                0x100001cc                isr_irq24
                0x100001cc                isr_irq1
                0x100001cc                isr_irq7
                0x100001cc                isr_irq21
                0x100001cc                isr_irq20
                0x100001cc                isr_irq15
                0x100001cc                isr_irq25
                0x100001cc                isr_irq4
                0x100001cc                isr_irq16
                0x100001cc                isr_irq29
                0x100001cc                isr_irq26
                0x100001cc                __default_isrs_end
                0x100001cc                isr_irq3
                0x100001cc                isr_irq12
                0x100001cc                isr_irq9
                0x100001d2                unhandled_user_irq_num_in_r0
 *(.binary_info_header)
 .binary_info_header
                0x100001d4       0x14 CMakeFiles/freertos_demo.dir/usr/local/picosdk/src/rp2_common/pico_crt0/crt0.S.o
                0x100001e8                        __binary_info_header_end = .
 *(.embedded_block)
                0x100001e8                        __embedded_block_end = .
 *(.reset)
 .reset         0x100001e8       0x9c CMakeFiles/freertos_demo.dir/usr/local/picosdk/src/rp2_common/pico_crt0/crt0.S.o
                0x100001e8                _entry_point
 *(.init)
 .init          0x10000284        0x4 /usr/lib/gcc/arm-none-eabi/13.2.1/thumb/v6-m/nofp/crti.o
                0x10000284                _init
 *(EXCLUDE_FILE(*libm.a: *libc.a:*lib_a-mem*.o *libgcc.a:) .text*)
 .text          0x10000288       0x98 /usr/lib/gcc/arm-none-eabi/13.2.1/thumb/v6-m/nofp/crtbegin.o
 .text._Z6vBlinkPv
                0x10000320       0x2c CMakeFiles/freertos_demo.dir/main.cpp.o
                0x10000320                vBlink(void*)
 .text.vApplicationStackOverflowHook
                0x1000034c        0x2 CMakeFiles/freertos_demo.dir/main.cpp.o
                0x1000034c                vApplicationStackOverflowHook
 .text.vApplicationTickHook
                0x1000034e        0x2 CMakeFiles/freertos_demo.dir/main.cpp.o
                0x1000034e                vApplicationTickHook
 .text.vApplicationMallocFailedHook
                0x10000350        0x2 CMakeFiles/freertos_demo.dir/main.cpp.o
                0x10000350                vApplicationMallocFailedHook
 *fill*         0x10000352        0x2 
 .text.main     0x10000354       0x3c CMakeFiles/freertos_demo.dir/main.cpp.o
                0x10000354                main
 .text.gpio_set_function
                0x10000390       0x34 CMakeFiles/freertos_demo.dir/usr/local/picosdk/src/rp2_common/hardware_gpio/gpio.c.o
                0x10000390                gpio_set_function
 .text.gpio_init
                0x100003c4       0x16 CMakeFiles/freertos_demo.dir/usr/local/picosdk/src/rp2_common/hardware_gpio/gpio.c.o
                0x100003c4                gpio_init
 *fill*         0x100003da        0x2 
 .text.rp2040_chip_version
                0x100003dc       0x54 CMakeFiles/freertos_demo.dir/usr/local/picosdk/src/rp2040/pico_platform/platform.c.o
                0x100003dc                rp2040_chip_version
 .text.panic    0x10000430       0x30 CMakeFiles/freertos_demo.dir/usr/local/picosdk/src/rp2_common/pico_platform_panic/panic.c.o
                0x10000430                panic
 .text.panic_unsupported
                0x10000460        0xc CMakeFiles/freertos_demo.dir/usr/local/picosdk/src/rp2_common/pico_platform_panic/panic.c.o
                0x10000460                panic_unsupported
 .text.hw_claim_lock
                0x1000046c       0x18 CMakeFiles/freertos_demo.dir/usr/local/picosdk/src/common/hardware_claim/claim.c.o
                0x1000046c                hw_claim_lock
 .text.hw_claim_unlock
                0x10000484       0x14 CMakeFiles/freertos_demo.dir/usr/local/picosdk/src/common/hardware_claim/claim.c.o
                0x10000484                hw_claim_unlock
 .text.hw_claim_or_assert
                0x10000498       0x32 CMakeFiles/freertos_demo.dir/usr/local/picosdk/src/common/hardware_claim/claim.c.o
                0x10000498                hw_claim_or_assert
 .text.hw_claim_unused_from_range
                0x100004ca       0x50 CMakeFiles/freertos_demo.dir/usr/local/picosdk/src/common/hardware_claim/claim.c.o
                0x100004ca                hw_claim_unused_from_range
 *fill*         0x1000051a        0x2 
 .text.next_striped_spin_lock_num
                0x1000051c       0x1c CMakeFiles/freertos_demo.dir/usr/local/picosdk/src/rp2_common/hardware_sync/sync.c.o
                0x1000051c                next_striped_spin_lock_num
 .text.spin_lock_claim_unused
                0x10000538       0x24 CMakeFiles/freertos_demo.dir/usr/local/picosdk/src/rp2_common/hardware_sync/sync.c.o
                0x10000538                spin_lock_claim_unused
 .text.spin_locks_reset
                0x1000055c       0x20 CMakeFiles/freertos_demo.dir/usr/local/picosdk/src/rp2_common/hardware_sync_spin_lock/sync_spin_lock.c.o
                0x1000055c                spin_locks_reset
 .text.set_raw_irq_handler_and_unlock
                0x1000057c       0x28 CMakeFiles/freertos_demo.dir/usr/local/picosdk/src/rp2_common/hardware_irq/irq.c.o
 .text.nvic_ipr0
                0x100005a4        0x8 CMakeFiles/freertos_demo.dir/usr/local/picosdk/src/rp2_common/hardware_irq/irq.c.o
 .text.runtime_init_per_core_irq_priorities
                0x100005ac       0x1c CMakeFiles/freertos_demo.dir/usr/local/picosdk/src/rp2_common/hardware_irq/irq.c.o
                0x100005ac                runtime_init_per_core_irq_priorities
 .text.resolve_j_16
                0x100005c8       0x30 CMakeFiles/freertos_demo.dir/usr/local/picosdk/src/rp2_common/hardware_irq/irq.c.o
 .text.make_j_16
                0x100005f8       0x48 CMakeFiles/freertos_demo.dir/usr/local/picosdk/src/rp2_common/hardware_irq/irq.c.o
 .text.insert_bl_32
                0x10000640       0x40 CMakeFiles/freertos_demo.dir/usr/local/picosdk/src/rp2_common/hardware_irq/irq.c.o
 .text.irq_is_enabled
                0x10000680       0x18 CMakeFiles/freertos_demo.dir/usr/local/picosdk/src/rp2_common/hardware_irq/irq.c.o
                0x10000680                irq_is_enabled
 .text.irq_set_mask_n_enabled
                0x10000698       0x1c CMakeFiles/freertos_demo.dir/usr/local/picosdk/src/rp2_common/hardware_irq/irq.c.o
                0x10000698                irq_set_mask_n_enabled
 .text.irq_set_enabled
                0x100006b4       0x14 CMakeFiles/freertos_demo.dir/usr/local/picosdk/src/rp2_common/hardware_irq/irq.c.o
                0x100006b4                irq_set_enabled
 .text.irq_set_pending
                0x100006c8       0x10 CMakeFiles/freertos_demo.dir/usr/local/picosdk/src/rp2_common/hardware_irq/irq.c.o
                0x100006c8                irq_set_pending
 .text.irq_get_vtable_handler
                0x100006d8       0x10 CMakeFiles/freertos_demo.dir/usr/local/picosdk/src/rp2_common/hardware_irq/irq.c.o
                0x100006d8                irq_get_vtable_handler
 .text.irq_has_shared_handler
                0x100006e8       0x24 CMakeFiles/freertos_demo.dir/usr/local/picosdk/src/rp2_common/hardware_irq/irq.c.o
                0x100006e8                irq_has_shared_handler
 .text.irq_set_exclusive_handler
                0x1000070c       0x54 CMakeFiles/freertos_demo.dir/usr/local/picosdk/src/rp2_common/hardware_irq/irq.c.o
                0x1000070c                irq_set_exclusive_handler
 .text.irq_add_shared_handler
                0x10000760      0x218 CMakeFiles/freertos_demo.dir/usr/local/picosdk/src/rp2_common/hardware_irq/irq.c.o
                0x10000760                irq_add_shared_handler
 .text.irq_remove_handler
                0x10000978      0x18c CMakeFiles/freertos_demo.dir/usr/local/picosdk/src/rp2_common/hardware_irq/irq.c.o
                0x10000978                irq_remove_handler
 .text.irq_set_priority
                0x10000b04       0x26 CMakeFiles/freertos_demo.dir/usr/local/picosdk/src/rp2_common/hardware_irq/irq.c.o
                0x10000b04                irq_set_priority
 *fill*         0x10000b2a        0x2 
 .text.irq_add_tail_to_free_list
                0x10000b2c       0xf4 CMakeFiles/freertos_demo.dir/usr/local/picosdk/src/rp2_common/hardware_irq/irq.c.o
                0x10000b2c                irq_add_tail_to_free_list
 .text.user_irq_claim_unused
                0x10000c20       0x2c CMakeFiles/freertos_demo.dir/usr/local/picosdk/src/rp2_common/hardware_irq/irq.c.o
                0x10000c20                user_irq_claim_unused
 .text.lock_init
                0x10000c4c       0x10 CMakeFiles/freertos_demo.dir/usr/local/picosdk/src/common/pico_sync/lock_core.c.o
                0x10000c4c                lock_init
 .text.mutex_init
                0x10000c5c       0x1c CMakeFiles/freertos_demo.dir/usr/local/picosdk/src/common/pico_sync/mutex.c.o
                0x10000c5c                mutex_init
 .text.recursive_mutex_init
                0x10000c78       0x20 CMakeFiles/freertos_demo.dir/usr/local/picosdk/src/common/pico_sync/mutex.c.o
                0x10000c78                recursive_mutex_init
 .text.runtime_init_mutex
                0x10000c98       0x4c CMakeFiles/freertos_demo.dir/usr/local/picosdk/src/common/pico_sync/mutex.c.o
                0x10000c98                runtime_init_mutex
 .text.critical_section_init_with_lock_num
                0x10000ce4       0x14 CMakeFiles/freertos_demo.dir/usr/local/picosdk/src/common/pico_sync/critical_section.c.o
                0x10000ce4                critical_section_init_with_lock_num
 .text.critical_section_init
                0x10000cf8       0x14 CMakeFiles/freertos_demo.dir/usr/local/picosdk/src/common/pico_sync/critical_section.c.o
                0x10000cf8                critical_section_init
 .text.make_alarm_id
                0x10000d0c        0x6 CMakeFiles/freertos_demo.dir/usr/local/picosdk/src/common/pico_time/time.c.o
 *fill*         0x10000d12        0x2 
 .text.alarm_pool_irq_handler
                0x10000d14      0x2f8 CMakeFiles/freertos_demo.dir/usr/local/picosdk/src/common/pico_time/time.c.o
 .text.ta_enable_irq_handler
                0x1000100c       0x2c CMakeFiles/freertos_demo.dir/usr/local/picosdk/src/common/pico_time/time.c.o
 .text.alarm_pool_post_alloc_init
                0x10001038       0x78 CMakeFiles/freertos_demo.dir/usr/local/picosdk/src/common/pico_time/time.c.o
 .text.sleep_until_callback
                0x100010b0       0x28 CMakeFiles/freertos_demo.dir/usr/local/picosdk/src/common/pico_time/time.c.o
 .text.alarm_pool_get_default
                0x100010d8       0x2c CMakeFiles/freertos_demo.dir/usr/local/picosdk/src/common/pico_time/time.c.o
                0x100010d8                alarm_pool_get_default
 .text.alarm_pool_add_alarm_at_force_in_context
                0x10001104       0xa4 CMakeFiles/freertos_demo.dir/usr/local/picosdk/src/common/pico_time/time.c.o
                0x10001104                alarm_pool_add_alarm_at_force_in_context
 .text.alarm_pool_add_alarm_at
                0x100011a8       0x3c CMakeFiles/freertos_demo.dir/usr/local/picosdk/src/common/pico_time/time.c.o
                0x100011a8                alarm_pool_add_alarm_at
 .text.add_alarm_at
                0x100011e4       0x2e CMakeFiles/freertos_demo.dir/usr/local/picosdk/src/common/pico_time/time.c.o
 *fill*         0x10001212        0x2 
 .text.alarm_pool_cancel_alarm
                0x10001214       0x78 CMakeFiles/freertos_demo.dir/usr/local/picosdk/src/common/pico_time/time.c.o
                0x10001214                alarm_pool_cancel_alarm
 .text.cancel_alarm
                0x1000128c       0x10 CMakeFiles/freertos_demo.dir/usr/local/picosdk/src/common/pico_time/time.c.o
 .text.alarm_pool_core_num
                0x1000129c        0x4 CMakeFiles/freertos_demo.dir/usr/local/picosdk/src/common/pico_time/time.c.o
                0x1000129c                alarm_pool_core_num
 .text.best_effort_wfe_or_timeout
                0x100012a0      0x104 CMakeFiles/freertos_demo.dir/usr/local/picosdk/src/common/pico_time/time.c.o
                0x100012a0                best_effort_wfe_or_timeout
 .text.alarm_pool_get_default_timer
                0x100013a4        0x8 CMakeFiles/freertos_demo.dir/usr/local/picosdk/src/common/pico_time/time.c.o
                0x100013a4                alarm_pool_get_default_timer
 .text.runtime_init_default_alarm_pool
                0x100013ac       0x38 CMakeFiles/freertos_demo.dir/usr/local/picosdk/src/common/pico_time/time.c.o
                0x100013ac                runtime_init_default_alarm_pool
 .text.timer_hardware_alarm_claim
                0x100013e4       0x14 CMakeFiles/freertos_demo.dir/usr/local/picosdk/src/rp2_common/hardware_timer/timer.c.o
                0x100013e4                timer_hardware_alarm_claim
 .text.timer_time_us_64
                0x100013f8       0x10 CMakeFiles/freertos_demo.dir/usr/local/picosdk/src/rp2_common/hardware_timer/timer.c.o
                0x100013f8                timer_time_us_64
 .text.timer_busy_wait_until
                0x10001408       0x1a CMakeFiles/freertos_demo.dir/usr/local/picosdk/src/rp2_common/hardware_timer/timer.c.o
                0x10001408                timer_busy_wait_until
 .text.timer_busy_wait_us
                0x10001422       0x38 CMakeFiles/freertos_demo.dir/usr/local/picosdk/src/rp2_common/hardware_timer/timer.c.o
                0x10001422                timer_busy_wait_us
 *fill*         0x1000145a        0x2 
 .text.time_us_64
                0x1000145c       0x10 CMakeFiles/freertos_demo.dir/usr/local/picosdk/src/rp2_common/hardware_timer/timer.c.o
                0x1000145c                time_us_64
 .text.busy_wait_us
                0x1000146c       0x14 CMakeFiles/freertos_demo.dir/usr/local/picosdk/src/rp2_common/hardware_timer/timer.c.o
                0x1000146c                busy_wait_us
 .text.uart_unreset
                0x10001480       0x2c CMakeFiles/freertos_demo.dir/usr/local/picosdk/src/rp2_common/hardware_uart/uart.c.o
 .text.uart_disable_before_lcr_write
                0x100014ac       0x48 CMakeFiles/freertos_demo.dir/usr/local/picosdk/src/rp2_common/hardware_uart/uart.c.o
 .text.uart_write_lcr_bits_masked
                0x100014f4       0x20 CMakeFiles/freertos_demo.dir/usr/local/picosdk/src/rp2_common/hardware_uart/uart.c.o
 .text.uart_set_baudrate
                0x10001514       0x5c CMakeFiles/freertos_demo.dir/usr/local/picosdk/src/rp2_common/hardware_uart/uart.c.o
                0x10001514                uart_set_baudrate
 .text.uart_set_translate_crlf
                0x10001570       0x28 CMakeFiles/freertos_demo.dir/usr/local/picosdk/src/rp2_common/hardware_uart/uart.c.o
                0x10001570                uart_set_translate_crlf
 .text.uart_init
                0x10001598       0x64 CMakeFiles/freertos_demo.dir/usr/local/picosdk/src/rp2_common/hardware_uart/uart.c.o
                0x10001598                uart_init
 .text.clock_configure_internal
                0x100015fc       0xc4 CMakeFiles/freertos_demo.dir/usr/local/picosdk/src/rp2_common/hardware_clocks/clocks.c.o
 .text.clock_configure_int_divider
                0x100016c0       0x28 CMakeFiles/freertos_demo.dir/usr/local/picosdk/src/rp2_common/hardware_clocks/clocks.c.o
                0x100016c0                clock_configure_int_divider
 .text.clock_configure_undivided
                0x100016e8       0x12 CMakeFiles/freertos_demo.dir/usr/local/picosdk/src/rp2_common/hardware_clocks/clocks.c.o
                0x100016e8                clock_configure_undivided
 *fill*         0x100016fa        0x2 
 .text.clock_get_hz
                0x100016fc        0xc CMakeFiles/freertos_demo.dir/usr/local/picosdk/src/rp2_common/hardware_clocks/clocks.c.o
                0x100016fc                clock_get_hz
 .text.pll_init
                0x10001708      0x124 CMakeFiles/freertos_demo.dir/usr/local/picosdk/src/rp2_common/hardware_pll/pll.c.o
                0x10001708                pll_init
 .text.watchdog_update
                0x1000182c       0x14 CMakeFiles/freertos_demo.dir/usr/local/picosdk/src/rp2_common/hardware_watchdog/watchdog.c.o
                0x1000182c                watchdog_update
 .text._watchdog_enable
                0x10001840       0x7c CMakeFiles/freertos_demo.dir/usr/local/picosdk/src/rp2_common/hardware_watchdog/watchdog.c.o
                0x10001840                _watchdog_enable
 .text.watchdog_reboot
                0x100018bc       0x48 CMakeFiles/freertos_demo.dir/usr/local/picosdk/src/rp2_common/hardware_watchdog/watchdog.c.o
                0x100018bc                watchdog_reboot
 .text.tick_start
                0x10001904       0x10 CMakeFiles/freertos_demo.dir/usr/local/picosdk/src/rp2_common/hardware_ticks/ticks.c.o
                0x10001904                tick_start
 .text.rom_func_lookup
                0x10001914       0x10 CMakeFiles/freertos_demo.dir/usr/local/picosdk/src/rp2_common/pico_bootrom/bootrom.c.o
                0x10001914                rom_func_lookup
 .text.rom_data_lookup
                0x10001924       0x10 CMakeFiles/freertos_demo.dir/usr/local/picosdk/src/rp2_common/pico_bootrom/bootrom.c.o
                0x10001924                rom_data_lookup
 .text.rom_funcs_lookup
                0x10001934       0x36 CMakeFiles/freertos_demo.dir/usr/local/picosdk/src/rp2_common/pico_bootrom/bootrom.c.o
                0x10001934                rom_funcs_lookup
 *fill*         0x1000196a        0x2 
 .text.rom_reset_usb_boot_extra
                0x1000196c       0x24 CMakeFiles/freertos_demo.dir/usr/local/picosdk/src/rp2_common/pico_bootrom/bootrom.c.o
                0x1000196c                rom_reset_usb_boot_extra
 .text.xosc_init
                0x10001990       0x28 CMakeFiles/freertos_demo.dir/usr/local/picosdk/src/rp2_common/hardware_xosc/xosc.c.o
                0x10001990                xosc_init
 .text.runtime_run_initializers_from
                0x100019b8       0x18 CMakeFiles/freertos_demo.dir/usr/local/picosdk/src/rp2_common/pico_runtime/runtime.c.o
 .text.first_per_core_initializer
                0x100019d0        0x2 CMakeFiles/freertos_demo.dir/usr/local/picosdk/src/rp2_common/pico_runtime/runtime.c.o
 *fill*         0x100019d2        0x2 
 .text.runtime_run_initializers
                0x100019d4       0x10 CMakeFiles/freertos_demo.dir/usr/local/picosdk/src/rp2_common/pico_runtime/runtime.c.o
                0x100019d4                runtime_run_initializers
 .text.runtime_init_early_resets
                0x100019e4       0x2c CMakeFiles/freertos_demo.dir/usr/local/picosdk/src/rp2_common/pico_runtime_init/runtime_init.c.o
                0x100019e4                runtime_init_early_resets
 .text.runtime_init_usb_power_down
                0x10001a10       0x1c CMakeFiles/freertos_demo.dir/usr/local/picosdk/src/rp2_common/pico_runtime_init/runtime_init.c.o
                0x10001a10                runtime_init_usb_power_down
 .text.runtime_init_post_clock_resets
                0x10001a2c       0x20 CMakeFiles/freertos_demo.dir/usr/local/picosdk/src/rp2_common/pico_runtime_init/runtime_init.c.o
                0x10001a2c                runtime_init_post_clock_resets
 .text.runtime_init_rp2040_gpio_ie_disable
                0x10001a4c       0x14 CMakeFiles/freertos_demo.dir/usr/local/picosdk/src/rp2_common/pico_runtime_init/runtime_init.c.o
                0x10001a4c                runtime_init_rp2040_gpio_ie_disable
 .text.runtime_init_spin_locks_reset
                0x10001a60        0x8 CMakeFiles/freertos_demo.dir/usr/local/picosdk/src/rp2_common/pico_runtime_init/runtime_init.c.o
                0x10001a60                runtime_init_spin_locks_reset
 .text.runtime_init_install_ram_vector_table
                0x10001a68       0x1c CMakeFiles/freertos_demo.dir/usr/local/picosdk/src/rp2_common/pico_runtime_init/runtime_init.c.o
                0x10001a68                runtime_init_install_ram_vector_table
 .text.start_all_ticks
                0x10001a84       0x28 CMakeFiles/freertos_demo.dir/usr/local/picosdk/src/rp2_common/pico_runtime_init/runtime_init_clocks.c.o
 .text.runtime_init_clocks
                0x10001aac       0xcc CMakeFiles/freertos_demo.dir/usr/local/picosdk/src/rp2_common/pico_runtime_init/runtime_init_clocks.c.o
                0x10001aac                runtime_init_clocks
 .text          0x10001b78       0x10 CMakeFiles/freertos_demo.dir/usr/local/picosdk/src/rp2_common/pico_bit_ops/bit_ops_aeabi.S.o
 .text.__wrap___aeabi_idiv
                0x10001b88       0x50 CMakeFiles/freertos_demo.dir/usr/local/picosdk/src/rp2_common/pico_divider/divider_hardware.S.o
                0x10001b88                __wrap___aeabi_idivmod
                0x10001b88                divmod_s32s32
                0x10001b88                div_s32s32
                0x10001b88                __wrap___aeabi_idiv
                0x10001b90                divmod_s32s32_unsafe
                0x10001bbc                divmod_s32s32_savestate
 .text.__wrap___aeabi_uidiv
                0x10001bd8       0x4c CMakeFiles/freertos_demo.dir/usr/local/picosdk/src/rp2_common/pico_divider/divider_hardware.S.o
                0x10001bd8                __wrap___aeabi_uidiv
                0x10001bd8                __wrap___aeabi_uidivmod
                0x10001bd8                div_u32u32
                0x10001bd8                divmod_u32u32
                0x10001be0                divmod_u32u32_unsafe
                0x10001c08                divmod_u32u32_savestate
 .text.__wrap___aeabi_ldiv
                0x10001c24      0x424 CMakeFiles/freertos_demo.dir/usr/local/picosdk/src/rp2_common/pico_divider/divider_hardware.S.o
                0x10001c24                div_s64s64
                0x10001c24                divmod_s64s64
                0x10001c24                __wrap___aeabi_ldivmod
                0x10001c54                div_u64u64
                0x10001c54                divmod_u64u64
                0x10001c54                __wrap___aeabi_uldivmod
                0x10001c64                divmod_u64u64_savestate
                0x10001c84                divmod_s64s64_unsafe
                0x10001d0c                divmod_u64u64_unsafe
 .text.__wrap___aeabi_darithmetic
                0x10002048       0x80 CMakeFiles/freertos_demo.dir/usr/local/picosdk/src/rp2_common/pico_double/double_aeabi_rp2040.S.o
                0x10002048                __wrap___aeabi_drsub
                0x1000204e                __wrap___aeabi_dsub
                0x10002060                __wrap___aeabi_dadd
                0x10002072                __wrap___aeabi_ddiv
                0x100020ae                __wrap___aeabi_dmul
 .text.__wrap___aeabi_cdcmple
                0x100020c8       0x6c CMakeFiles/freertos_demo.dir/usr/local/picosdk/src/rp2_common/pico_double/double_aeabi_rp2040.S.o
                0x100020c8                __wrap___aeabi_cdrcmple
                0x100020d8                __wrap___aeabi_cdcmple
                0x100020d8                __wrap___aeabi_cdcmpeq
 .text.__wrap___aeabi_dcmplt
                0x10002134        0xc CMakeFiles/freertos_demo.dir/usr/local/picosdk/src/rp2_common/pico_double/double_aeabi_rp2040.S.o
                0x10002134                __wrap___aeabi_dcmplt
 .text.__wrap___aeabi_dcmple
                0x10002140       0x10 CMakeFiles/freertos_demo.dir/usr/local/picosdk/src/rp2_common/pico_double/double_aeabi_rp2040.S.o
                0x10002140                __wrap___aeabi_dcmple
 .text.__wrap___aeabi_dcmpge
                0x10002150       0x10 CMakeFiles/freertos_demo.dir/usr/local/picosdk/src/rp2_common/pico_double/double_aeabi_rp2040.S.o
                0x10002150                __wrap___aeabi_dcmpge
 .text.__wrap___aeabi_dcmpgt
                0x10002160        0xa CMakeFiles/freertos_demo.dir/usr/local/picosdk/src/rp2_common/pico_double/double_aeabi_rp2040.S.o
                0x10002160                __wrap___aeabi_dcmpgt
 .text.__wrap___aeabi_dcmpun
                0x1000216a       0x18 CMakeFiles/freertos_demo.dir/usr/local/picosdk/src/rp2_common/pico_double/double_aeabi_rp2040.S.o
                0x1000216a                __wrap___aeabi_dcmpun
 *fill*         0x10002182        0x2 
 .text.__wrap___aeabi_i2d
                0x10002184       0x38 CMakeFiles/freertos_demo.dir/usr/local/picosdk/src/rp2_common/pico_double/double_aeabi_rp2040.S.o
                0x10002184                __wrap___aeabi_ui2d
                0x1000218c                __wrap___aeabi_i2d
 .text.__wrap___aeabi_d2iz
                0x100021bc       0x48 CMakeFiles/freertos_demo.dir/usr/local/picosdk/src/rp2_common/pico_double/double_aeabi_rp2040.S.o
                0x100021bc                __wrap___aeabi_d2iz
                0x100021bc                double2int_z
 .text.__wrap___aeabi_d2uiz
                0x10002204       0x18 CMakeFiles/freertos_demo.dir/usr/local/picosdk/src/rp2_common/pico_double/double_aeabi_rp2040.S.o
                0x10002204                double2uint
                0x10002204                __wrap___aeabi_d2uiz
 .text.__aeabi_double_init
                0x1000221c       0xcc CMakeFiles/freertos_demo.dir/usr/local/picosdk/src/rp2_common/pico_double/double_init_rom_rp2040.c.o
                0x1000221c                __aeabi_double_init
 .text.double_table_shim_on_use_helper
                0x100022e8       0x34 CMakeFiles/freertos_demo.dir/usr/local/picosdk/src/rp2_common/pico_double/double_v1_rom_shim_rp2040.S.o
                0x100022e8                double_table_shim_on_use_helper
 .text.__wrap___aeabi_dsub
                0x1000231c       0x10 CMakeFiles/freertos_demo.dir/usr/local/picosdk/src/rp2_common/pico_double/double_v1_rom_shim_rp2040.S.o
                0x1000231c                drsub_shim
                0x10002322                dsub_shim
 .text.dadd_shim
                0x1000232c      0x15c CMakeFiles/freertos_demo.dir/usr/local/picosdk/src/rp2_common/pico_double/double_v1_rom_shim_rp2040.S.o
                0x1000232c                dadd_shim
 .text.dmul_shim
                0x10002488      0x15c CMakeFiles/freertos_demo.dir/usr/local/picosdk/src/rp2_common/pico_double/double_v1_rom_shim_rp2040.S.o
                0x10002488                dmul_shim
 .text.ddiv_shim
                0x100025e4      0x1b0 CMakeFiles/freertos_demo.dir/usr/local/picosdk/src/rp2_common/pico_double/double_v1_rom_shim_rp2040.S.o
                0x100025e4                ddiv_shim
 .text.double2uint_shim
                0x10002794        0xe CMakeFiles/freertos_demo.dir/usr/local/picosdk/src/rp2_common/pico_double/double_v1_rom_shim_rp2040.S.o
                0x10002794                double2uint_shim
                0x10002796                double2ufix_shim
 *fill*         0x100027a2        0x2 
 .text.double2uint64_shim
                0x100027a4       0x70 CMakeFiles/freertos_demo.dir/usr/local/picosdk/src/rp2_common/pico_double/double_v1_rom_shim_rp2040.S.o
                0x100027a4                double2uint64_shim
                0x100027a6                double2ufix64_shim
                0x100027c6                d2fix_a
 .text.dunpacks
                0x10002814       0x3c CMakeFiles/freertos_demo.dir/usr/local/picosdk/src/rp2_common/pico_double/double_v1_rom_shim_rp2040.S.o
                0x10002814                dunpacks
 .text.__aeabi_lmul
                0x10002850       0x32 CMakeFiles/freertos_demo.dir/usr/local/picosdk/src/rp2_common/pico_int64_ops/pico_int64_ops_aeabi.S.o
                0x10002850                __wrap___aeabi_lmul
 *fill*         0x10002882        0x2 
 .text.__aeabi_float_init
                0x10002884       0xfc CMakeFiles/freertos_demo.dir/usr/local/picosdk/src/rp2_common/pico_float/float_init_rom_rp2040.c.o
                0x10002884                __aeabi_float_init
 .text.float_table_shim_on_use_helper
                0x10002980       0x34 CMakeFiles/freertos_demo.dir/usr/local/picosdk/src/rp2_common/pico_float/float_v1_rom_shim_rp2040.S.o
                0x10002980                float_table_shim_on_use_helper
 .text          0x100029b4       0x10 CMakeFiles/freertos_demo.dir/usr/local/picosdk/src/rp2_common/pico_mem_ops/mem_ops_aeabi.S.o
                0x100029b4                __aeabi_mem_init
 .text.memset   0x100029c4        0xc CMakeFiles/freertos_demo.dir/usr/local/picosdk/src/rp2_common/pico_mem_ops/mem_ops_aeabi.S.o
                0x100029c4                __wrap_memset
 .text.memcpy   0x100029d0        0xc CMakeFiles/freertos_demo.dir/usr/local/picosdk/src/rp2_common/pico_mem_ops/mem_ops_aeabi.S.o
                0x100029d0                __wrap___aeabi_memcpy
                0x100029d0                __wrap_memcpy
 .text._out_null
                0x100029dc        0x2 CMakeFiles/freertos_demo.dir/usr/local/picosdk/src/rp2_common/pico_printf/printf.c.o
 .text._out_fct
                0x100029de        0xe CMakeFiles/freertos_demo.dir/usr/local/picosdk/src/rp2_common/pico_printf/printf.c.o
 .text._atoi    0x100029ec       0x24 CMakeFiles/freertos_demo.dir/usr/local/picosdk/src/rp2_common/pico_printf/printf.c.o
 .text._out_rev
                0x10002a10       0xae CMakeFiles/freertos_demo.dir/usr/local/picosdk/src/rp2_common/pico_printf/printf.c.o
 .text._ntoa_format
                0x10002abe      0x110 CMakeFiles/freertos_demo.dir/usr/local/picosdk/src/rp2_common/pico_printf/printf.c.o
 .text._ntoa_long
                0x10002bce       0xbc CMakeFiles/freertos_demo.dir/usr/local/picosdk/src/rp2_common/pico_printf/printf.c.o
 .text._ntoa_long_long
                0x10002c8a      0x10e CMakeFiles/freertos_demo.dir/usr/local/picosdk/src/rp2_common/pico_printf/printf.c.o
 .text._etoa    0x10002d98      0x420 CMakeFiles/freertos_demo.dir/usr/local/picosdk/src/rp2_common/pico_printf/printf.c.o
 .text._ftoa    0x100031b8      0x354 CMakeFiles/freertos_demo.dir/usr/local/picosdk/src/rp2_common/pico_printf/printf.c.o
 .text._vsnprintf
                0x1000350c      0x668 CMakeFiles/freertos_demo.dir/usr/local/picosdk/src/rp2_common/pico_printf/printf.c.o
 .text.vfctprintf
                0x10003b74       0x20 CMakeFiles/freertos_demo.dir/usr/local/picosdk/src/rp2_common/pico_printf/printf.c.o
                0x10003b74                vfctprintf
 .text._exit    0x10003b94        0x4 CMakeFiles/freertos_demo.dir/usr/local/picosdk/src/rp2_common/pico_clib_interface/newlib_interface.c.o
                0x10003b94                _exit
 .text.exit     0x10003b98        0x6 CMakeFiles/freertos_demo.dir/usr/local/picosdk/src/rp2_common/pico_clib_interface/newlib_interface.c.o
                0x10003b98                exit
 *fill*         0x10003b9e        0x2 
 .text.__assert_func
                0x10003ba0       0x38 CMakeFiles/freertos_demo.dir/usr/local/picosdk/src/rp2_common/pico_clib_interface/newlib_interface.c.o
                0x10003ba0                __assert_func
 .text.runtime_init
                0x10003bd8       0x28 CMakeFiles/freertos_demo.dir/usr/local/picosdk/src/rp2_common/pico_clib_interface/newlib_interface.c.o
                0x10003bd8                runtime_init
 .text.stdio_out_chars_no_crlf
                0x10003c00        0xe CMakeFiles/freertos_demo.dir/usr/local/picosdk/src/rp2_common/pico_stdio/stdio.c.o
 *fill*         0x10003c0e        0x2 
 .text.stdio_out_chars_crlf
                0x10003c10       0x80 CMakeFiles/freertos_demo.dir/usr/local/picosdk/src/rp2_common/pico_stdio/stdio.c.o
 .text.stdio_stack_buffer_flush
                0x10003c90       0x44 CMakeFiles/freertos_demo.dir/usr/local/picosdk/src/rp2_common/pico_stdio/stdio.c.o
 .text.stdio_buffered_printer
                0x10003cd4       0x20 CMakeFiles/freertos_demo.dir/usr/local/picosdk/src/rp2_common/pico_stdio/stdio.c.o
 .text.stdout_serialize_begin
                0x10003cf4       0x30 CMakeFiles/freertos_demo.dir/usr/local/picosdk/src/rp2_common/pico_stdio/stdio.c.o
                0x10003cf4                stdout_serialize_begin
 .text.stdout_serialize_end
                0x10003d24       0x10 CMakeFiles/freertos_demo.dir/usr/local/picosdk/src/rp2_common/pico_stdio/stdio.c.o
                0x10003d24                stdout_serialize_end
 .text.stdio_put_string
                0x10003d34       0x94 CMakeFiles/freertos_demo.dir/usr/local/picosdk/src/rp2_common/pico_stdio/stdio.c.o
                0x10003d34                stdio_put_string
 .text.stdio_set_driver_enabled
                0x10003dc8       0x2c CMakeFiles/freertos_demo.dir/usr/local/picosdk/src/rp2_common/pico_stdio/stdio.c.o
                0x10003dc8                stdio_set_driver_enabled
 .text.stdio_flush
                0x10003df4       0x20 CMakeFiles/freertos_demo.dir/usr/local/picosdk/src/rp2_common/pico_stdio/stdio.c.o
                0x10003df4                stdio_flush
 .text.stdio_init_all
                0x10003e14        0xe CMakeFiles/freertos_demo.dir/usr/local/picosdk/src/rp2_common/pico_stdio/stdio.c.o
                0x10003e14                stdio_init_all
 .text.__wrap_puts
                0x10003e22       0x1e CMakeFiles/freertos_demo.dir/usr/local/picosdk/src/rp2_common/pico_stdio/stdio.c.o
                0x10003e22                __wrap_puts
                0x10003e22                stdio_puts
 .text.__wrap_vprintf
                0x10003e40       0x40 CMakeFiles/freertos_demo.dir/usr/local/picosdk/src/rp2_common/pico_stdio/stdio.c.o
                0x10003e40                __wrap_vprintf
                0x10003e40                stdio_vprintf
 .text.__wrap_printf
                0x10003e80       0x18 CMakeFiles/freertos_demo.dir/usr/local/picosdk/src/rp2_common/pico_stdio/stdio.c.o
                0x10003e80                stdio_printf
                0x10003e80                __wrap_printf
 .text.uart_putc
                0x10003e98       0x60 CMakeFiles/freertos_demo.dir/usr/local/picosdk/src/rp2_common/pico_stdio_uart/stdio_uart.c.o
 .text.uart_getc
                0x10003ef8       0x24 CMakeFiles/freertos_demo.dir/usr/local/picosdk/src/rp2_common/pico_stdio_uart/stdio_uart.c.o
 .text.stdio_uart_out_chars
                0x10003f1c       0x20 CMakeFiles/freertos_demo.dir/usr/local/picosdk/src/rp2_common/pico_stdio_uart/stdio_uart.c.o
 .text.stdio_uart_in_chars
                0x10003f3c       0x5c CMakeFiles/freertos_demo.dir/usr/local/picosdk/src/rp2_common/pico_stdio_uart/stdio_uart.c.o
                0x10003f3c                stdio_uart_in_chars
 .text.on_uart_rx
                0x10003f98       0x28 CMakeFiles/freertos_demo.dir/usr/local/picosdk/src/rp2_common/pico_stdio_uart/stdio_uart.c.o
 .text.stdio_uart_out_flush
                0x10003fc0       0x10 CMakeFiles/freertos_demo.dir/usr/local/picosdk/src/rp2_common/pico_stdio_uart/stdio_uart.c.o
 .text.stdio_uart_set_chars_available_callback
                0x10003fd0       0x90 CMakeFiles/freertos_demo.dir/usr/local/picosdk/src/rp2_common/pico_stdio_uart/stdio_uart.c.o
 .text.stdio_uart_init_full
                0x10004060       0x44 CMakeFiles/freertos_demo.dir/usr/local/picosdk/src/rp2_common/pico_stdio_uart/stdio_uart.c.o
                0x10004060                stdio_uart_init_full
 .text.stdio_uart_init
                0x100040a4       0x30 CMakeFiles/freertos_demo.dir/usr/local/picosdk/src/rp2_common/pico_stdio_uart/stdio_uart.c.o
                0x100040a4                stdio_uart_init
 .text.resetd_init
                0x100040d4        0x2 CMakeFiles/freertos_demo.dir/usr/local/picosdk/src/rp2_common/pico_stdio_usb/reset_interface.c.o
 *fill*         0x100040d6        0x2 
 .text.resetd_reset
                0x100040d8        0xc CMakeFiles/freertos_demo.dir/usr/local/picosdk/src/rp2_common/pico_stdio_usb/reset_interface.c.o
 .text.resetd_open
                0x100040e4       0x34 CMakeFiles/freertos_demo.dir/usr/local/picosdk/src/rp2_common/pico_stdio_usb/reset_interface.c.o
 .text.resetd_xfer_cb
                0x10004118        0x4 CMakeFiles/freertos_demo.dir/usr/local/picosdk/src/rp2_common/pico_stdio_usb/reset_interface.c.o
 .text.resetd_control_xfer_cb
                0x1000411c       0x60 CMakeFiles/freertos_demo.dir/usr/local/picosdk/src/rp2_common/pico_stdio_usb/reset_interface.c.o
 .text.tud_descriptor_bos_cb
                0x1000417c        0x8 CMakeFiles/freertos_demo.dir/usr/local/picosdk/src/rp2_common/pico_stdio_usb/reset_interface.c.o
                0x1000417c                tud_descriptor_bos_cb
 .text.tud_vendor_control_xfer_cb
                0x10004184       0x38 CMakeFiles/freertos_demo.dir/usr/local/picosdk/src/rp2_common/pico_stdio_usb/reset_interface.c.o
                0x10004184                tud_vendor_control_xfer_cb
 .text.usbd_app_driver_get_cb
                0x100041bc        0xc CMakeFiles/freertos_demo.dir/usr/local/picosdk/src/rp2_common/pico_stdio_usb/reset_interface.c.o
                0x100041bc                usbd_app_driver_get_cb
 .text.tud_cdc_line_coding_cb
                0x100041c8       0x2c CMakeFiles/freertos_demo.dir/usr/local/picosdk/src/rp2_common/pico_stdio_usb/reset_interface.c.o
                0x100041c8                tud_cdc_line_coding_cb
 .text.stdio_usb_set_chars_available_callback
                0x100041f4       0x14 CMakeFiles/freertos_demo.dir/usr/local/picosdk/src/rp2_common/pico_stdio_usb/stdio_usb.c.o
                0x100041f4                stdio_usb_set_chars_available_callback
 .text.stdio_usb_out_flush
                0x10004208       0x4c CMakeFiles/freertos_demo.dir/usr/local/picosdk/src/rp2_common/pico_stdio_usb/stdio_usb.c.o
 .text.usb_irq  0x10004254       0x10 CMakeFiles/freertos_demo.dir/usr/local/picosdk/src/rp2_common/pico_stdio_usb/stdio_usb.c.o
 .text.critical_section_enter_blocking
                0x10004264       0x16 CMakeFiles/freertos_demo.dir/usr/local/picosdk/src/rp2_common/pico_stdio_usb/stdio_usb.c.o
 *fill*         0x1000427a        0x2 
 .text.timer_task
                0x1000427c       0x60 CMakeFiles/freertos_demo.dir/usr/local/picosdk/src/rp2_common/pico_stdio_usb/stdio_usb.c.o
 .text.alarm_pool_add_alarm_in_us
                0x100042dc       0x40 CMakeFiles/freertos_demo.dir/usr/local/picosdk/src/rp2_common/pico_stdio_usb/stdio_usb.c.o
 .text.add_alarm_in_us
                0x1000431c       0x2e CMakeFiles/freertos_demo.dir/usr/local/picosdk/src/rp2_common/pico_stdio_usb/stdio_usb.c.o
 *fill*         0x1000434a        0x2 
 .text.low_priority_worker_irq
                0x1000434c       0xa0 CMakeFiles/freertos_demo.dir/usr/local/picosdk/src/rp2_common/pico_stdio_usb/stdio_usb.c.o
 .text.stdio_usb_init
                0x100043ec       0xdc CMakeFiles/freertos_demo.dir/usr/local/picosdk/src/rp2_common/pico_stdio_usb/stdio_usb.c.o
                0x100043ec                stdio_usb_init
 .text.stdio_usb_connected
                0x100044c8        0xa CMakeFiles/freertos_demo.dir/usr/local/picosdk/src/rp2_common/pico_stdio_usb/stdio_usb.c.o
                0x100044c8                stdio_usb_connected
 *fill*         0x100044d2        0x2 
 .text.stdio_usb_in_chars
                0x100044d4       0x98 CMakeFiles/freertos_demo.dir/usr/local/picosdk/src/rp2_common/pico_stdio_usb/stdio_usb.c.o
                0x100044d4                stdio_usb_in_chars
 .text.stdio_usb_out_chars
                0x1000456c       0xe8 CMakeFiles/freertos_demo.dir/usr/local/picosdk/src/rp2_common/pico_stdio_usb/stdio_usb.c.o
 .text.tud_descriptor_device_cb
                0x10004654        0x8 CMakeFiles/freertos_demo.dir/usr/local/picosdk/src/rp2_common/pico_stdio_usb/stdio_usb_descriptors.c.o
                0x10004654                tud_descriptor_device_cb
 .text.tud_descriptor_configuration_cb
                0x1000465c        0x8 CMakeFiles/freertos_demo.dir/usr/local/picosdk/src/rp2_common/pico_stdio_usb/stdio_usb_descriptors.c.o
                0x1000465c                tud_descriptor_configuration_cb
 .text.tud_descriptor_string_cb
                0x10004664       0x6c CMakeFiles/freertos_demo.dir/usr/local/picosdk/src/rp2_common/pico_stdio_usb/stdio_usb_descriptors.c.o
                0x10004664                tud_descriptor_string_cb
 .text._retrieve_unique_id_on_boot
                0x100046d0       0x10 CMakeFiles/freertos_demo.dir/usr/local/picosdk/src/rp2_common/pico_unique_id/unique_id.c.o
 .text.pico_get_unique_board_id_string
                0x100046e0       0x5c CMakeFiles/freertos_demo.dir/usr/local/picosdk/src/rp2_common/pico_unique_id/unique_id.c.o
                0x100046e0                pico_get_unique_board_id_string
 .text.flash_get_unique_id
                0x1000473c       0x40 CMakeFiles/freertos_demo.dir/usr/local/picosdk/src/rp2_common/hardware_flash/flash.c.o
                0x1000473c                flash_get_unique_id
 .text._hw_endpoint_alloc
                0x1000477c       0x70 CMakeFiles/freertos_demo.dir/usr/local/picosdk/lib/tinyusb/src/portable/raspberrypi/rp2040/dcd_rp2040.c.o
 .text.hw_endpoint_init
                0x100047ec       0xbc CMakeFiles/freertos_demo.dir/usr/local/picosdk/lib/tinyusb/src/portable/raspberrypi/rp2040/dcd_rp2040.c.o
 .text.hw_endpoint_xfer
                0x100048a8       0x20 CMakeFiles/freertos_demo.dir/usr/local/picosdk/lib/tinyusb/src/portable/raspberrypi/rp2040/dcd_rp2040.c.o
 .text.dcd_int_enable
                0x100048c8       0x2c CMakeFiles/freertos_demo.dir/usr/local/picosdk/lib/tinyusb/src/portable/raspberrypi/rp2040/dcd_rp2040.c.o
                0x100048c8                dcd_int_enable
 .text.dcd_set_address
                0x100048f4       0x2c CMakeFiles/freertos_demo.dir/usr/local/picosdk/lib/tinyusb/src/portable/raspberrypi/rp2040/dcd_rp2040.c.o
                0x100048f4                dcd_set_address
 .text.dcd_connect
                0x10004920       0x10 CMakeFiles/freertos_demo.dir/usr/local/picosdk/lib/tinyusb/src/portable/raspberrypi/rp2040/dcd_rp2040.c.o
                0x10004920                dcd_connect
 .text.dcd_init
                0x10004930       0x80 CMakeFiles/freertos_demo.dir/usr/local/picosdk/lib/tinyusb/src/portable/raspberrypi/rp2040/dcd_rp2040.c.o
                0x10004930                dcd_init
 .text.dcd_sof_enable
                0x100049b0       0x1c CMakeFiles/freertos_demo.dir/usr/local/picosdk/lib/tinyusb/src/portable/raspberrypi/rp2040/dcd_rp2040.c.o
                0x100049b0                dcd_sof_enable
 .text.dcd_edpt0_status_complete
                0x100049cc       0x1c CMakeFiles/freertos_demo.dir/usr/local/picosdk/lib/tinyusb/src/portable/raspberrypi/rp2040/dcd_rp2040.c.o
                0x100049cc                dcd_edpt0_status_complete
 .text.dcd_edpt_open
                0x100049e8       0x40 CMakeFiles/freertos_demo.dir/usr/local/picosdk/lib/tinyusb/src/portable/raspberrypi/rp2040/dcd_rp2040.c.o
                0x100049e8                dcd_edpt_open
 .text.dcd_edpt_close_all
                0x10004a28        0x8 CMakeFiles/freertos_demo.dir/usr/local/picosdk/lib/tinyusb/src/portable/raspberrypi/rp2040/dcd_rp2040.c.o
                0x10004a28                dcd_edpt_close_all
 .text.dcd_edpt_xfer
                0x10004a30       0x30 CMakeFiles/freertos_demo.dir/usr/local/picosdk/lib/tinyusb/src/portable/raspberrypi/rp2040/dcd_rp2040.c.o
                0x10004a30                dcd_edpt_xfer
 .text.dcd_edpt_stall
                0x10004a60       0x3c CMakeFiles/freertos_demo.dir/usr/local/picosdk/lib/tinyusb/src/portable/raspberrypi/rp2040/dcd_rp2040.c.o
                0x10004a60                dcd_edpt_stall
 .text.dcd_edpt_clear_stall
                0x10004a9c       0x30 CMakeFiles/freertos_demo.dir/usr/local/picosdk/lib/tinyusb/src/portable/raspberrypi/rp2040/dcd_rp2040.c.o
                0x10004a9c                dcd_edpt_clear_stall
 .text.unaligned_memcpy
                0x10004acc       0x14 CMakeFiles/freertos_demo.dir/usr/local/picosdk/lib/tinyusb/src/portable/raspberrypi/rp2040/rp2040_usb.c.o
 .text.rp2040_usb_init
                0x10004ae0       0x44 CMakeFiles/freertos_demo.dir/usr/local/picosdk/lib/tinyusb/src/portable/raspberrypi/rp2040/rp2040_usb.c.o
                0x10004ae0                rp2040_usb_init
 .text.hw_endpoint_xfer_start
                0x10004b24       0x60 CMakeFiles/freertos_demo.dir/usr/local/picosdk/lib/tinyusb/src/portable/raspberrypi/rp2040/rp2040_usb.c.o
                0x10004b24                hw_endpoint_xfer_start
 .text.configuration_reset
                0x10004b84       0x84 CMakeFiles/freertos_demo.dir/usr/local/picosdk/lib/tinyusb/src/device/usbd.c.o
 .text.critical_section_enter_blocking
                0x10004c08       0x16 CMakeFiles/freertos_demo.dir/usr/local/picosdk/lib/tinyusb/src/device/usbd.c.o
 .text.usbd_reset
                0x10004c1e        0xc CMakeFiles/freertos_demo.dir/usr/local/picosdk/lib/tinyusb/src/device/usbd.c.o
 .text.invoke_class_control
                0x10004c2a       0x1a CMakeFiles/freertos_demo.dir/usr/local/picosdk/lib/tinyusb/src/device/usbd.c.o
 .text.process_set_config
                0x10004c44      0x1b0 CMakeFiles/freertos_demo.dir/usr/local/picosdk/lib/tinyusb/src/device/usbd.c.o
 .text.tud_event_hook_cb
                0x10004df4        0x2 CMakeFiles/freertos_demo.dir/usr/local/picosdk/lib/tinyusb/src/device/usbd.c.o
                0x10004df4                tud_event_hook_cb
 .text.tud_sof_cb
                0x10004df6        0x2 CMakeFiles/freertos_demo.dir/usr/local/picosdk/lib/tinyusb/src/device/usbd.c.o
                0x10004df6                tud_sof_cb
 .text.tud_descriptor_device_qualifier_cb
                0x10004df8        0x4 CMakeFiles/freertos_demo.dir/usr/local/picosdk/lib/tinyusb/src/device/usbd.c.o
                0x10004df8                tud_descriptor_device_qualifier_cb
 .text.tud_descriptor_other_speed_configuration_cb
                0x10004dfc        0x4 CMakeFiles/freertos_demo.dir/usr/local/picosdk/lib/tinyusb/src/device/usbd.c.o
                0x10004dfc                tud_descriptor_other_speed_configuration_cb
 .text.process_get_descriptor
                0x10004e00       0xe0 CMakeFiles/freertos_demo.dir/usr/local/picosdk/lib/tinyusb/src/device/usbd.c.o
 .text.tud_mount_cb
                0x10004ee0        0x2 CMakeFiles/freertos_demo.dir/usr/local/picosdk/lib/tinyusb/src/device/usbd.c.o
                0x10004ee0                tud_mount_cb
 .text.tud_umount_cb
                0x10004ee2        0x2 CMakeFiles/freertos_demo.dir/usr/local/picosdk/lib/tinyusb/src/device/usbd.c.o
                0x10004ee2                tud_umount_cb
 .text.tud_suspend_cb
                0x10004ee4        0x2 CMakeFiles/freertos_demo.dir/usr/local/picosdk/lib/tinyusb/src/device/usbd.c.o
                0x10004ee4                tud_suspend_cb
 .text.tud_resume_cb
                0x10004ee6        0x2 CMakeFiles/freertos_demo.dir/usr/local/picosdk/lib/tinyusb/src/device/usbd.c.o
                0x10004ee6                tud_resume_cb
 .text.tud_mounted
                0x10004ee8       0x10 CMakeFiles/freertos_demo.dir/usr/local/picosdk/lib/tinyusb/src/device/usbd.c.o
                0x10004ee8                tud_mounted
 .text.tud_suspended
                0x10004ef8       0x10 CMakeFiles/freertos_demo.dir/usr/local/picosdk/lib/tinyusb/src/device/usbd.c.o
                0x10004ef8                tud_suspended
 .text.tud_inited
                0x10004f08       0x14 CMakeFiles/freertos_demo.dir/usr/local/picosdk/lib/tinyusb/src/device/usbd.c.o
                0x10004f08                tud_inited
 .text.tud_init
                0x10004f1c       0xdc CMakeFiles/freertos_demo.dir/usr/local/picosdk/lib/tinyusb/src/device/usbd.c.o
                0x10004f1c                tud_init
 .text.usbd_edpt_open
                0x10004ff8       0x60 CMakeFiles/freertos_demo.dir/usr/local/picosdk/lib/tinyusb/src/device/usbd.c.o
                0x10004ff8                usbd_edpt_open
 .text.usbd_open_edpt_pair
                0x10005058       0x88 CMakeFiles/freertos_demo.dir/usr/local/picosdk/lib/tinyusb/src/device/usbd.c.o
                0x10005058                usbd_open_edpt_pair
 .text.usbd_edpt_claim
                0x100050e0       0x28 CMakeFiles/freertos_demo.dir/usr/local/picosdk/lib/tinyusb/src/device/usbd.c.o
                0x100050e0                usbd_edpt_claim
 .text.usbd_edpt_release
                0x10005108       0x28 CMakeFiles/freertos_demo.dir/usr/local/picosdk/lib/tinyusb/src/device/usbd.c.o
                0x10005108                usbd_edpt_release
 .text.usbd_edpt_xfer
                0x10005130       0x88 CMakeFiles/freertos_demo.dir/usr/local/picosdk/lib/tinyusb/src/device/usbd.c.o
                0x10005130                usbd_edpt_xfer
 .text.usbd_edpt_stall
                0x100051b8       0x34 CMakeFiles/freertos_demo.dir/usr/local/picosdk/lib/tinyusb/src/device/usbd.c.o
                0x100051b8                usbd_edpt_stall
 .text.usbd_edpt_clear_stall
                0x100051ec       0x34 CMakeFiles/freertos_demo.dir/usr/local/picosdk/lib/tinyusb/src/device/usbd.c.o
                0x100051ec                usbd_edpt_clear_stall
 .text.usbd_edpt_stalled
                0x10005220       0x1c CMakeFiles/freertos_demo.dir/usr/local/picosdk/lib/tinyusb/src/device/usbd.c.o
                0x10005220                usbd_edpt_stalled
 .text.process_control_request
                0x1000523c      0x390 CMakeFiles/freertos_demo.dir/usr/local/picosdk/lib/tinyusb/src/device/usbd.c.o
 .text.tud_task_ext
                0x100055cc      0x1c8 CMakeFiles/freertos_demo.dir/usr/local/picosdk/lib/tinyusb/src/device/usbd.c.o
                0x100055cc                tud_task_ext
 .text._status_stage_xact
                0x10005794       0x1a CMakeFiles/freertos_demo.dir/usr/local/picosdk/lib/tinyusb/src/device/usbd_control.c.o
 *fill*         0x100057ae        0x2 
 .text._data_stage_xact
                0x100057b0       0x60 CMakeFiles/freertos_demo.dir/usr/local/picosdk/lib/tinyusb/src/device/usbd_control.c.o
 .text.tud_control_status
                0x10005810       0x28 CMakeFiles/freertos_demo.dir/usr/local/picosdk/lib/tinyusb/src/device/usbd_control.c.o
                0x10005810                tud_control_status
 .text.tud_control_xfer
                0x10005838       0x98 CMakeFiles/freertos_demo.dir/usr/local/picosdk/lib/tinyusb/src/device/usbd_control.c.o
                0x10005838                tud_control_xfer
 .text.usbd_control_reset
                0x100058d0       0x14 CMakeFiles/freertos_demo.dir/usr/local/picosdk/lib/tinyusb/src/device/usbd_control.c.o
                0x100058d0                usbd_control_reset
 .text.usbd_control_set_complete_callback
                0x100058e4        0xc CMakeFiles/freertos_demo.dir/usr/local/picosdk/lib/tinyusb/src/device/usbd_control.c.o
                0x100058e4                usbd_control_set_complete_callback
 .text.usbd_control_set_request
                0x100058f0       0x1c CMakeFiles/freertos_demo.dir/usr/local/picosdk/lib/tinyusb/src/device/usbd_control.c.o
                0x100058f0                usbd_control_set_request
 .text.usbd_control_xfer_cb
                0x1000590c       0xe0 CMakeFiles/freertos_demo.dir/usr/local/picosdk/lib/tinyusb/src/device/usbd_control.c.o
                0x1000590c                usbd_control_xfer_cb
 .text._prep_out_transaction
                0x100059ec       0x72 CMakeFiles/freertos_demo.dir/usr/local/picosdk/lib/tinyusb/src/class/cdc/cdc_device.c.o
 *fill*         0x10005a5e        0x2 
 .text.tud_cdc_n_connected
                0x10005a60       0x38 CMakeFiles/freertos_demo.dir/usr/local/picosdk/lib/tinyusb/src/class/cdc/cdc_device.c.o
                0x10005a60                tud_cdc_n_connected
 .text.tud_cdc_n_available
                0x10005a98       0x18 CMakeFiles/freertos_demo.dir/usr/local/picosdk/lib/tinyusb/src/class/cdc/cdc_device.c.o
                0x10005a98                tud_cdc_n_available
 .text.tud_cdc_n_read
                0x10005ab0       0x38 CMakeFiles/freertos_demo.dir/usr/local/picosdk/lib/tinyusb/src/class/cdc/cdc_device.c.o
                0x10005ab0                tud_cdc_n_read
 .text.tud_cdc_n_write_flush
                0x10005ae8       0xcc CMakeFiles/freertos_demo.dir/usr/local/picosdk/lib/tinyusb/src/class/cdc/cdc_device.c.o
                0x10005ae8                tud_cdc_n_write_flush
 .text.tud_cdc_n_write
                0x10005bb4       0x48 CMakeFiles/freertos_demo.dir/usr/local/picosdk/lib/tinyusb/src/class/cdc/cdc_device.c.o
                0x10005bb4                tud_cdc_n_write
 .text.tud_cdc_n_write_available
                0x10005bfc       0x1c CMakeFiles/freertos_demo.dir/usr/local/picosdk/lib/tinyusb/src/class/cdc/cdc_device.c.o
                0x10005bfc                tud_cdc_n_write_available
 .text.cdcd_init
                0x10005c18       0xc0 CMakeFiles/freertos_demo.dir/usr/local/picosdk/lib/tinyusb/src/class/cdc/cdc_device.c.o
                0x10005c18                cdcd_init
 .text.cdcd_deinit
                0x10005cd8       0x50 CMakeFiles/freertos_demo.dir/usr/local/picosdk/lib/tinyusb/src/class/cdc/cdc_device.c.o
                0x10005cd8                cdcd_deinit
 .text.cdcd_reset
                0x10005d28       0x78 CMakeFiles/freertos_demo.dir/usr/local/picosdk/lib/tinyusb/src/class/cdc/cdc_device.c.o
                0x10005d28                cdcd_reset
 .text.cdcd_open
                0x10005da0       0xf0 CMakeFiles/freertos_demo.dir/usr/local/picosdk/lib/tinyusb/src/class/cdc/cdc_device.c.o
                0x10005da0                cdcd_open
 .text.cdcd_control_xfer_cb
                0x10005e90      0x138 CMakeFiles/freertos_demo.dir/usr/local/picosdk/lib/tinyusb/src/class/cdc/cdc_device.c.o
                0x10005e90                cdcd_control_xfer_cb
 .text.cdcd_xfer_cb
                0x10005fc8      0x144 CMakeFiles/freertos_demo.dir/usr/local/picosdk/lib/tinyusb/src/class/cdc/cdc_device.c.o
                0x10005fc8                cdcd_xfer_cb
 .text.tud_vendor_n_mounted
                0x1000610c       0x40 CMakeFiles/freertos_demo.dir/usr/local/picosdk/lib/tinyusb/src/class/vendor/vendor_device.c.o
                0x1000610c                tud_vendor_n_mounted
 .text.tud_vendor_n_write_flush
                0x1000614c       0x24 CMakeFiles/freertos_demo.dir/usr/local/picosdk/lib/tinyusb/src/class/vendor/vendor_device.c.o
                0x1000614c                tud_vendor_n_write_flush
 .text.vendord_init
                0x10006170       0x90 CMakeFiles/freertos_demo.dir/usr/local/picosdk/lib/tinyusb/src/class/vendor/vendor_device.c.o
                0x10006170                vendord_init
 .text.vendord_deinit
                0x10006200       0x34 CMakeFiles/freertos_demo.dir/usr/local/picosdk/lib/tinyusb/src/class/vendor/vendor_device.c.o
                0x10006200                vendord_deinit
 .text.vendord_reset
                0x10006234       0x38 CMakeFiles/freertos_demo.dir/usr/local/picosdk/lib/tinyusb/src/class/vendor/vendor_device.c.o
                0x10006234                vendord_reset
 .text.vendord_open
                0x1000626c      0x164 CMakeFiles/freertos_demo.dir/usr/local/picosdk/lib/tinyusb/src/class/vendor/vendor_device.c.o
                0x1000626c                vendord_open
 .text.vendord_xfer_cb
                0x100063d0       0xc0 CMakeFiles/freertos_demo.dir/usr/local/picosdk/lib/tinyusb/src/class/vendor/vendor_device.c.o
                0x100063d0                vendord_xfer_cb
 .text.tusb_init
                0x10006490       0x24 CMakeFiles/freertos_demo.dir/usr/local/picosdk/lib/tinyusb/src/tusb.c.o
                0x10006490                tusb_init
 .text.tu_edpt_claim
                0x100064b4       0x50 CMakeFiles/freertos_demo.dir/usr/local/picosdk/lib/tinyusb/src/tusb.c.o
                0x100064b4                tu_edpt_claim
 .text.tu_edpt_release
                0x10006504       0x38 CMakeFiles/freertos_demo.dir/usr/local/picosdk/lib/tinyusb/src/tusb.c.o
                0x10006504                tu_edpt_release
 .text.tu_edpt_validate
                0x1000653c       0xac CMakeFiles/freertos_demo.dir/usr/local/picosdk/lib/tinyusb/src/tusb.c.o
                0x1000653c                tu_edpt_validate
 .text.tu_edpt_bind_driver
                0x100065e8       0x26 CMakeFiles/freertos_demo.dir/usr/local/picosdk/lib/tinyusb/src/tusb.c.o
                0x100065e8                tu_edpt_bind_driver
 .text.tu_edpt_stream_init
                0x1000660e       0x62 CMakeFiles/freertos_demo.dir/usr/local/picosdk/lib/tinyusb/src/tusb.c.o
                0x1000660e                tu_edpt_stream_init
 .text.tu_edpt_stream_deinit
                0x10006670        0x4 CMakeFiles/freertos_demo.dir/usr/local/picosdk/lib/tinyusb/src/tusb.c.o
                0x10006670                tu_edpt_stream_deinit
 .text.tu_edpt_stream_write_zlp_if_needed
                0x10006674       0x80 CMakeFiles/freertos_demo.dir/usr/local/picosdk/lib/tinyusb/src/tusb.c.o
                0x10006674                tu_edpt_stream_write_zlp_if_needed
 .text.tu_edpt_stream_write_xfer
                0x100066f4       0x84 CMakeFiles/freertos_demo.dir/usr/local/picosdk/lib/tinyusb/src/tusb.c.o
                0x100066f4                tu_edpt_stream_write_xfer
 .text.tu_edpt_stream_read_xfer
                0x10006778       0xf4 CMakeFiles/freertos_demo.dir/usr/local/picosdk/lib/tinyusb/src/tusb.c.o
                0x10006778                tu_edpt_stream_read_xfer
 .text.advance_index
                0x1000686c       0x1a CMakeFiles/freertos_demo.dir/usr/local/picosdk/lib/tinyusb/src/common/tusb_fifo.c.o
 .text._tu_fifo_peek
                0x10006886       0x56 CMakeFiles/freertos_demo.dir/usr/local/picosdk/lib/tinyusb/src/common/tusb_fifo.c.o
 .text._ff_pull_n
                0x100068dc       0x68 CMakeFiles/freertos_demo.dir/usr/local/picosdk/lib/tinyusb/src/common/tusb_fifo.c.o
 .text._tu_fifo_peek_n
                0x10006944       0x6a CMakeFiles/freertos_demo.dir/usr/local/picosdk/lib/tinyusb/src/common/tusb_fifo.c.o
 .text._tu_fifo_read_n
                0x100069ae       0x4e CMakeFiles/freertos_demo.dir/usr/local/picosdk/lib/tinyusb/src/common/tusb_fifo.c.o
 .text._ff_push_n
                0x100069fc       0x68 CMakeFiles/freertos_demo.dir/usr/local/picosdk/lib/tinyusb/src/common/tusb_fifo.c.o
 .text._tu_fifo_write_n
                0x10006a64       0xf0 CMakeFiles/freertos_demo.dir/usr/local/picosdk/lib/tinyusb/src/common/tusb_fifo.c.o
 .text.tu_fifo_config
                0x10006b54       0x7c CMakeFiles/freertos_demo.dir/usr/local/picosdk/lib/tinyusb/src/common/tusb_fifo.c.o
                0x10006b54                tu_fifo_config
 .text.tu_fifo_count
                0x10006bd0       0x2a CMakeFiles/freertos_demo.dir/usr/local/picosdk/lib/tinyusb/src/common/tusb_fifo.c.o
                0x10006bd0                tu_fifo_count
 .text.tu_fifo_empty
                0x10006bfa        0xe CMakeFiles/freertos_demo.dir/usr/local/picosdk/lib/tinyusb/src/common/tusb_fifo.c.o
                0x10006bfa                tu_fifo_empty
 .text.tu_fifo_full
                0x10006c08       0x28 CMakeFiles/freertos_demo.dir/usr/local/picosdk/lib/tinyusb/src/common/tusb_fifo.c.o
                0x10006c08                tu_fifo_full
 .text.tu_fifo_remaining
                0x10006c30       0x2c CMakeFiles/freertos_demo.dir/usr/local/picosdk/lib/tinyusb/src/common/tusb_fifo.c.o
                0x10006c30                tu_fifo_remaining
 .text.tu_fifo_read
                0x10006c5c       0x42 CMakeFiles/freertos_demo.dir/usr/local/picosdk/lib/tinyusb/src/common/tusb_fifo.c.o
                0x10006c5c                tu_fifo_read
 .text.tu_fifo_read_n
                0x10006c9e        0xa CMakeFiles/freertos_demo.dir/usr/local/picosdk/lib/tinyusb/src/common/tusb_fifo.c.o
                0x10006c9e                tu_fifo_read_n
 .text.tu_fifo_write
                0x10006ca8       0x64 CMakeFiles/freertos_demo.dir/usr/local/picosdk/lib/tinyusb/src/common/tusb_fifo.c.o
                0x10006ca8                tu_fifo_write
 .text.tu_fifo_write_n
                0x10006d0c        0xa CMakeFiles/freertos_demo.dir/usr/local/picosdk/lib/tinyusb/src/common/tusb_fifo.c.o
                0x10006d0c                tu_fifo_write_n
 .text.tu_fifo_clear
                0x10006d16       0x3e CMakeFiles/freertos_demo.dir/usr/local/picosdk/lib/tinyusb/src/common/tusb_fifo.c.o
                0x10006d16                tu_fifo_clear
 .text.tu_fifo_set_overwritable
                0x10006d54       0x46 CMakeFiles/freertos_demo.dir/usr/local/picosdk/lib/tinyusb/src/common/tusb_fifo.c.o
                0x10006d54                tu_fifo_set_overwritable
 .text.vPortSVCHandler
                0x10006d9a        0x2 CMakeFiles/freertos_demo.dir/usr/local/freertos/portable/ThirdParty/GCC/RP2040/port.c.o
                0x10006d9a                vPortSVCHandler
 *fill*         0x10006d9c        0x4 
 .text.vPortStartFirstTask
                0x10006da0       0x34 CMakeFiles/freertos_demo.dir/usr/local/freertos/portable/ThirdParty/GCC/RP2040/port.c.o
 *fill*         0x10006dd4        0xc 
 .text.xPortPendSVHandler
                0x10006de0       0x64 CMakeFiles/freertos_demo.dir/usr/local/freertos/portable/ThirdParty/GCC/RP2040/port.c.o
                0x10006de0                xPortPendSVHandler
 .text.prvTaskExitError
                0x10006e44        0x6 CMakeFiles/freertos_demo.dir/usr/local/freertos/portable/ThirdParty/GCC/RP2040/port.c.o
 *fill*         0x10006e4a        0x2 
 .text.prvFIFOInterruptHandler
                0x10006e4c       0x78 CMakeFiles/freertos_demo.dir/usr/local/freertos/portable/ThirdParty/GCC/RP2040/port.c.o
 .text.prvGetTicksToWaitBefore
                0x10006ec4       0x40 CMakeFiles/freertos_demo.dir/usr/local/freertos/portable/ThirdParty/GCC/RP2040/port.c.o
 .text.pxPortInitialiseStack
                0x10006f04       0x24 CMakeFiles/freertos_demo.dir/usr/local/freertos/portable/ThirdParty/GCC/RP2040/port.c.o
                0x10006f04                pxPortInitialiseStack
 .text.vPortYield
                0x10006f28       0x40 CMakeFiles/freertos_demo.dir/usr/local/freertos/portable/ThirdParty/GCC/RP2040/port.c.o
                0x10006f28                vPortYield
 .text.vPortEnterCritical
                0x10006f68       0x18 CMakeFiles/freertos_demo.dir/usr/local/freertos/portable/ThirdParty/GCC/RP2040/port.c.o
                0x10006f68                vPortEnterCritical
 .text.vPortEnableInterrupts
                0x10006f80       0x28 CMakeFiles/freertos_demo.dir/usr/local/freertos/portable/ThirdParty/GCC/RP2040/port.c.o
                0x10006f80                vPortEnableInterrupts
 .text.vPortExitCritical
                0x10006fa8       0x3c CMakeFiles/freertos_demo.dir/usr/local/freertos/portable/ThirdParty/GCC/RP2040/port.c.o
                0x10006fa8                vPortExitCritical
 .text.ulSetInterruptMaskFromISR
                0x10006fe4        0x8 CMakeFiles/freertos_demo.dir/usr/local/freertos/portable/ThirdParty/GCC/RP2040/port.c.o
                0x10006fe4                ulSetInterruptMaskFromISR
 .text.vClearInterruptMaskFromISR
                0x10006fec        0x6 CMakeFiles/freertos_demo.dir/usr/local/freertos/portable/ThirdParty/GCC/RP2040/port.c.o
                0x10006fec                vClearInterruptMaskFromISR
 *fill*         0x10006ff2        0x2 
 .text.xPortSysTickHandler
                0x10006ff4       0x24 CMakeFiles/freertos_demo.dir/usr/local/freertos/portable/ThirdParty/GCC/RP2040/port.c.o
                0x10006ff4                xPortSysTickHandler
 .text.vPortSetupTimerInterrupt
                0x10007018       0x34 CMakeFiles/freertos_demo.dir/usr/local/freertos/portable/ThirdParty/GCC/RP2040/port.c.o
                0x10007018                vPortSetupTimerInterrupt
 .text.xPortStartScheduler
                0x1000704c       0x9c CMakeFiles/freertos_demo.dir/usr/local/freertos/portable/ThirdParty/GCC/RP2040/port.c.o
                0x1000704c                xPortStartScheduler
 .text.ulPortLockGetCurrentOwnerId
                0x100070e8       0x2c CMakeFiles/freertos_demo.dir/usr/local/freertos/portable/ThirdParty/GCC/RP2040/port.c.o
                0x100070e8                ulPortLockGetCurrentOwnerId
 .text.vPortLockInternalSpinUnlockWithNotify
                0x10007114       0xd0 CMakeFiles/freertos_demo.dir/usr/local/freertos/portable/ThirdParty/GCC/RP2040/port.c.o
                0x10007114                vPortLockInternalSpinUnlockWithNotify
 .text.xPortLockInternalSpinUnlockWithBestEffortWaitOrTimeout
                0x100071e4      0x110 CMakeFiles/freertos_demo.dir/usr/local/freertos/portable/ThirdParty/GCC/RP2040/port.c.o
                0x100071e4                xPortLockInternalSpinUnlockWithBestEffortWaitOrTimeout
 .text.prvRuntimeInitializer
                0x100072f4       0x28 CMakeFiles/freertos_demo.dir/usr/local/freertos/portable/ThirdParty/GCC/RP2040/port.c.o
 .text.prvTestWaitCondition
                0x1000731c       0x1e CMakeFiles/freertos_demo.dir/usr/local/freertos/event_groups.c.o
 .text.xEventGroupCreate
                0x1000733a       0x18 CMakeFiles/freertos_demo.dir/usr/local/freertos/event_groups.c.o
                0x1000733a                xEventGroupCreate
 *fill*         0x10007352        0x2 
 .text.xEventGroupWaitBits
                0x10007354      0x120 CMakeFiles/freertos_demo.dir/usr/local/freertos/event_groups.c.o
                0x10007354                xEventGroupWaitBits
 .text.xEventGroupSetBits
                0x10007474       0x9c CMakeFiles/freertos_demo.dir/usr/local/freertos/event_groups.c.o
                0x10007474                xEventGroupSetBits
 .text.vEventGroupSetBitsCallback
                0x10007510        0x8 CMakeFiles/freertos_demo.dir/usr/local/freertos/event_groups.c.o
                0x10007510                vEventGroupSetBitsCallback
 .text.xEventGroupSetBitsFromISR
                0x10007518       0x18 CMakeFiles/freertos_demo.dir/usr/local/freertos/event_groups.c.o
                0x10007518                xEventGroupSetBitsFromISR
 .text.vListInitialise
                0x10007530       0x16 CMakeFiles/freertos_demo.dir/usr/local/freertos/list.c.o
                0x10007530                vListInitialise
 .text.vListInitialiseItem
                0x10007546        0x6 CMakeFiles/freertos_demo.dir/usr/local/freertos/list.c.o
                0x10007546                vListInitialiseItem
 .text.vListInsert
                0x1000754c       0x2e CMakeFiles/freertos_demo.dir/usr/local/freertos/list.c.o
                0x1000754c                vListInsert
 .text.uxListRemove
                0x1000757a       0x26 CMakeFiles/freertos_demo.dir/usr/local/freertos/list.c.o
                0x1000757a                uxListRemove
 .text.prvIsQueueEmpty
                0x100075a0       0x1c CMakeFiles/freertos_demo.dir/usr/local/freertos/queue.c.o
 .text.prvCopyDataToQueue
                0x100075bc       0x7e CMakeFiles/freertos_demo.dir/usr/local/freertos/queue.c.o
 .text.prvCopyDataFromQueue
                0x1000763a       0x24 CMakeFiles/freertos_demo.dir/usr/local/freertos/queue.c.o
 *fill*         0x1000765e        0x2 
 .text.prvNotifyQueueSetContainer
                0x10007660       0xa8 CMakeFiles/freertos_demo.dir/usr/local/freertos/queue.c.o
 .text.prvUnlockQueue
                0x10007708       0x88 CMakeFiles/freertos_demo.dir/usr/local/freertos/queue.c.o
 .text.xQueueGenericReset
                0x10007790       0xd8 CMakeFiles/freertos_demo.dir/usr/local/freertos/queue.c.o
                0x10007790                xQueueGenericReset
 .text.prvInitialiseNewQueue
                0x10007868       0x26 CMakeFiles/freertos_demo.dir/usr/local/freertos/queue.c.o
 *fill*         0x1000788e        0x2 
 .text.xQueueGenericCreate
                0x10007890       0x90 CMakeFiles/freertos_demo.dir/usr/local/freertos/queue.c.o
                0x10007890                xQueueGenericCreate
 .text.xQueueGenericSendFromISR
                0x10007920      0x13c CMakeFiles/freertos_demo.dir/usr/local/freertos/queue.c.o
                0x10007920                xQueueGenericSendFromISR
 .text.xQueueReceive
                0x10007a5c      0x150 CMakeFiles/freertos_demo.dir/usr/local/freertos/queue.c.o
                0x10007a5c                xQueueReceive
 .text.vQueueAddToRegistry
                0x10007bac       0x68 CMakeFiles/freertos_demo.dir/usr/local/freertos/queue.c.o
                0x10007bac                vQueueAddToRegistry
 .text.vQueueWaitForMessageRestricted
                0x10007c14       0x50 CMakeFiles/freertos_demo.dir/usr/local/freertos/queue.c.o
                0x10007c14                vQueueWaitForMessageRestricted
 .text.prvResetNextTaskUnblockTime
                0x10007c64       0x2c CMakeFiles/freertos_demo.dir/usr/local/freertos/tasks.c.o
 .text.prvDeleteTCB
                0x10007c90       0x12 CMakeFiles/freertos_demo.dir/usr/local/freertos/tasks.c.o
 *fill*         0x10007ca2        0x2 
 .text.prvInitialiseNewTask
                0x10007ca4       0xb0 CMakeFiles/freertos_demo.dir/usr/local/freertos/tasks.c.o
 .text.prvCreateTask
                0x10007d54       0x56 CMakeFiles/freertos_demo.dir/usr/local/freertos/tasks.c.o
 *fill*         0x10007daa        0x2 
 .text.prvInitialiseTaskLists
                0x10007dac       0x68 CMakeFiles/freertos_demo.dir/usr/local/freertos/tasks.c.o
 .text.prvAddNewTaskToReadyList
                0x10007e14       0xc4 CMakeFiles/freertos_demo.dir/usr/local/freertos/tasks.c.o
 .text.prvCheckTasksWaitingTermination
                0x10007ed8       0x44 CMakeFiles/freertos_demo.dir/usr/local/freertos/tasks.c.o
 .text.prvIdleTask
                0x10007f1c       0x18 CMakeFiles/freertos_demo.dir/usr/local/freertos/tasks.c.o
 .text.prvAddCurrentTaskToDelayedList
                0x10007f34       0xa8 CMakeFiles/freertos_demo.dir/usr/local/freertos/tasks.c.o
 .text.xTaskCreate
                0x10007fdc       0x24 CMakeFiles/freertos_demo.dir/usr/local/freertos/tasks.c.o
                0x10007fdc                xTaskCreate
 .text.prvCreateIdleTasks
                0x10008000       0x54 CMakeFiles/freertos_demo.dir/usr/local/freertos/tasks.c.o
 .text.vTaskStartScheduler
                0x10008054       0x64 CMakeFiles/freertos_demo.dir/usr/local/freertos/tasks.c.o
                0x10008054                vTaskStartScheduler
 .text.vTaskSuspendAll
                0x100080b8       0x10 CMakeFiles/freertos_demo.dir/usr/local/freertos/tasks.c.o
                0x100080b8                vTaskSuspendAll
 .text.xTaskGetTickCount
                0x100080c8        0xc CMakeFiles/freertos_demo.dir/usr/local/freertos/tasks.c.o
                0x100080c8                xTaskGetTickCount
 .text.uxTaskGetNumberOfTasks
                0x100080d4        0xc CMakeFiles/freertos_demo.dir/usr/local/freertos/tasks.c.o
                0x100080d4                uxTaskGetNumberOfTasks
 .text.xTaskIncrementTick
                0x100080e0      0x198 CMakeFiles/freertos_demo.dir/usr/local/freertos/tasks.c.o
                0x100080e0                xTaskIncrementTick
 .text.xTaskResumeAll
                0x10008278      0x160 CMakeFiles/freertos_demo.dir/usr/local/freertos/tasks.c.o
                0x10008278                xTaskResumeAll
 .text.vTaskDelay
                0x100083d8       0x48 CMakeFiles/freertos_demo.dir/usr/local/freertos/tasks.c.o
                0x100083d8                vTaskDelay
 .text.vTaskSwitchContext
                0x10008420       0xdc CMakeFiles/freertos_demo.dir/usr/local/freertos/tasks.c.o
                0x10008420                vTaskSwitchContext
 .text.vTaskPlaceOnEventList
                0x100084fc       0x3c CMakeFiles/freertos_demo.dir/usr/local/freertos/tasks.c.o
                0x100084fc                vTaskPlaceOnEventList
 .text.vTaskPlaceOnUnorderedEventList
                0x10008538       0x80 CMakeFiles/freertos_demo.dir/usr/local/freertos/tasks.c.o
                0x10008538                vTaskPlaceOnUnorderedEventList
 .text.vTaskPlaceOnEventListRestricted
                0x100085b8       0x60 CMakeFiles/freertos_demo.dir/usr/local/freertos/tasks.c.o
                0x100085b8                vTaskPlaceOnEventListRestricted
 .text.xTaskRemoveFromEventList
                0x10008618      0x100 CMakeFiles/freertos_demo.dir/usr/local/freertos/tasks.c.o
                0x10008618                xTaskRemoveFromEventList
 .text.vTaskRemoveFromUnorderedEventList
                0x10008718       0xf4 CMakeFiles/freertos_demo.dir/usr/local/freertos/tasks.c.o
                0x10008718                vTaskRemoveFromUnorderedEventList
 .text.vTaskInternalSetTimeOutState
                0x1000880c       0x18 CMakeFiles/freertos_demo.dir/usr/local/freertos/tasks.c.o
                0x1000880c                vTaskInternalSetTimeOutState
 .text.xTaskCheckForTimeOut
                0x10008824       0xb4 CMakeFiles/freertos_demo.dir/usr/local/freertos/tasks.c.o
                0x10008824                xTaskCheckForTimeOut
 .text.vTaskMissedYield
                0x100088d8        0xc CMakeFiles/freertos_demo.dir/usr/local/freertos/tasks.c.o
                0x100088d8                vTaskMissedYield
 .text.xTaskGetCurrentTaskHandle
                0x100088e4        0xc CMakeFiles/freertos_demo.dir/usr/local/freertos/tasks.c.o
                0x100088e4                xTaskGetCurrentTaskHandle
 .text.xTaskGetSchedulerState
                0x100088f0       0x24 CMakeFiles/freertos_demo.dir/usr/local/freertos/tasks.c.o
                0x100088f0                xTaskGetSchedulerState
 .text.xTaskPriorityDisinherit
                0x10008914       0xc0 CMakeFiles/freertos_demo.dir/usr/local/freertos/tasks.c.o
                0x10008914                xTaskPriorityDisinherit
 .text.uxTaskResetEventItemValue
                0x100089d4       0x18 CMakeFiles/freertos_demo.dir/usr/local/freertos/tasks.c.o
                0x100089d4                uxTaskResetEventItemValue
 .text.prvGetNextExpireTime
                0x100089ec       0x24 CMakeFiles/freertos_demo.dir/usr/local/freertos/timers.c.o
 .text.prvInsertTimerInActiveList
                0x10008a10       0x48 CMakeFiles/freertos_demo.dir/usr/local/freertos/timers.c.o
 .text.prvReloadTimer
                0x10008a58       0x28 CMakeFiles/freertos_demo.dir/usr/local/freertos/timers.c.o
 .text.prvProcessExpiredTimer
                0x10008a80       0x3c CMakeFiles/freertos_demo.dir/usr/local/freertos/timers.c.o
 .text.prvSwitchTimerLists
                0x10008abc       0x30 CMakeFiles/freertos_demo.dir/usr/local/freertos/timers.c.o
 .text.prvSampleTimeNow
                0x10008aec       0x2c CMakeFiles/freertos_demo.dir/usr/local/freertos/timers.c.o
 .text.prvProcessTimerOrBlockTask
                0x10008b18       0x70 CMakeFiles/freertos_demo.dir/usr/local/freertos/timers.c.o
 .text.prvProcessReceivedCommands
                0x10008b88      0x10c CMakeFiles/freertos_demo.dir/usr/local/freertos/timers.c.o
 .text.prvTimerTask
                0x10008c94       0x16 CMakeFiles/freertos_demo.dir/usr/local/freertos/timers.c.o
 *fill*         0x10008caa        0x2 
 .text.prvCheckForValidListAndQueue
                0x10008cac       0x60 CMakeFiles/freertos_demo.dir/usr/local/freertos/timers.c.o
 .text.xTimerCreateTimerTask
                0x10008d0c       0x58 CMakeFiles/freertos_demo.dir/usr/local/freertos/timers.c.o
                0x10008d0c                xTimerCreateTimerTask
 .text.xTimerPendFunctionCallFromISR
                0x10008d64       0x28 CMakeFiles/freertos_demo.dir/usr/local/freertos/timers.c.o
                0x10008d64                xTimerPendFunctionCallFromISR
 .text.exception_is_compile_time_default
                0x10008d8c       0x20 CMakeFiles/freertos_demo.dir/usr/local/picosdk/src/rp2_common/hardware_exception/exception.c.o
 .text.set_raw_exception_handler_and_restore_interrupts
                0x10008dac       0x18 CMakeFiles/freertos_demo.dir/usr/local/picosdk/src/rp2_common/hardware_exception/exception.c.o
 .text.exception_get_vtable_handler
                0x10008dc4       0x10 CMakeFiles/freertos_demo.dir/usr/local/picosdk/src/rp2_common/hardware_exception/exception.c.o
                0x10008dc4                exception_get_vtable_handler
 .text.exception_set_exclusive_handler
                0x10008dd4       0x44 CMakeFiles/freertos_demo.dir/usr/local/picosdk/src/rp2_common/hardware_exception/exception.c.o
                0x10008dd4                exception_set_exclusive_handler
 .text.prvHeapInit
                0x10008e18       0x58 CMakeFiles/freertos_demo.dir/usr/local/freertos/portable/MemMang/heap_4.c.o
 .text.prvInsertBlockIntoFreeList
                0x10008e70       0x88 CMakeFiles/freertos_demo.dir/usr/local/freertos/portable/MemMang/heap_4.c.o
 .text.pvPortMalloc
                0x10008ef8      0x198 CMakeFiles/freertos_demo.dir/usr/local/freertos/portable/MemMang/heap_4.c.o
                0x10008ef8                pvPortMalloc
 .text.vPortFree
                0x10009090       0xa4 CMakeFiles/freertos_demo.dir/usr/local/freertos/portable/MemMang/heap_4.c.o
                0x10009090                vPortFree
 .text          0x10009134       0x10 /usr/lib/gcc/arm-none-eabi/13.2.1/../../../arm-none-eabi/lib/thumb/v6-m/nofp/libg.a(libc_a-atexit.o)
                0x10009134                atexit
 .text          0x10009144       0x5c /usr/lib/gcc/arm-none-eabi/13.2.1/../../../arm-none-eabi/lib/thumb/v6-m/nofp/libg.a(libc_a-strlen-stub.o)
                0x10009144                strlen
 .text          0x100091a0       0x28 /usr/lib/gcc/arm-none-eabi/13.2.1/../../../arm-none-eabi/lib/thumb/v6-m/nofp/libg.a(libc_a-fini.o)
                0x100091a0                __libc_fini_array
 .text          0x100091c8       0x78 /usr/lib/gcc/arm-none-eabi/13.2.1/../../../arm-none-eabi/lib/thumb/v6-m/nofp/libg.a(libc_a-__atexit.o)
                0x100091c8                __register_exitproc
 .text.startup  0x10009240       0x18 /usr/lib/gcc/arm-none-eabi/13.2.1/../../../arm-none-eabi/lib/thumb/v6-m/nofp/libg.a(libc_a-__call_atexit.o)
 *(.fini)
 .fini          0x10009258        0x4 /usr/lib/gcc/arm-none-eabi/13.2.1/thumb/v6-m/nofp/crti.o
                0x10009258                _fini
 *fill*         0x1000925c        0x4 
 .fini.__stub   0x10009260       0xd0 linker stubs
 *crtbegin.o(.ctors)
 *crtbegin?.o(.ctors)
 *(EXCLUDE_FILE(*crtend.o *crtend?.o) .ctors)
 *(SORT_BY_NAME(.ctors.*))
 *(.ctors)
 *crtbegin.o(.dtors)
 *crtbegin?.o(.dtors)
 *(EXCLUDE_FILE(*crtend.o *crtend?.o) .dtors)
 *(SORT_BY_NAME(.dtors.*))
 *(.dtors)
                0x10009330                        . = ALIGN (0x4)
                0x10009330                        PROVIDE (__preinit_array_start = .)
 *(SORT_BY_NAME(.preinit_array.*))
 .preinit_array.00100
                0x10009330        0x4 CMakeFiles/freertos_demo.dir/usr/local/picosdk/src/rp2_common/pico_runtime_init/runtime_init.c.o
                0x10009330                __pre_init_runtime_init_early_resets
 .preinit_array.00101
                0x10009334        0x4 CMakeFiles/freertos_demo.dir/usr/local/picosdk/src/rp2_common/pico_runtime_init/runtime_init.c.o
                0x10009334                __pre_init_runtime_init_usb_power_down
 .preinit_array.00275
                0x10009338        0x4 CMakeFiles/freertos_demo.dir/usr/local/picosdk/src/rp2_common/pico_bit_ops/bit_ops_aeabi.S.o
 .preinit_array.00300
                0x1000933c        0x4 CMakeFiles/freertos_demo.dir/usr/local/picosdk/src/rp2_common/pico_mem_ops/mem_ops_aeabi.S.o
 .preinit_array.00350
                0x10009340        0x4 CMakeFiles/freertos_demo.dir/usr/local/picosdk/src/rp2_common/pico_double/double_aeabi_rp2040.S.o
 .preinit_array.00350
                0x10009344        0x4 CMakeFiles/freertos_demo.dir/usr/local/picosdk/src/rp2_common/pico_float/float_aeabi_rp2040.S.o
 .preinit_array.00500
                0x10009348        0x4 CMakeFiles/freertos_demo.dir/usr/local/picosdk/src/rp2_common/pico_runtime_init/runtime_init.c.o
                0x10009348                __pre_init_runtime_init_clocks
 .preinit_array.00600
                0x1000934c        0x4 CMakeFiles/freertos_demo.dir/usr/local/picosdk/src/rp2_common/pico_runtime_init/runtime_init.c.o
                0x1000934c                __pre_init_runtime_init_post_clock_resets
 .preinit_array.00700
                0x10009350        0x4 CMakeFiles/freertos_demo.dir/usr/local/picosdk/src/rp2_common/pico_runtime_init/runtime_init.c.o
                0x10009350                __pre_init_runtime_init_rp2040_gpio_ie_disable
 .preinit_array.01000
                0x10009354        0x4 CMakeFiles/freertos_demo.dir/usr/local/picosdk/src/rp2_common/pico_runtime_init/runtime_init.c.o
                0x10009354                __pre_init_runtime_init_spin_locks_reset
 .preinit_array.01100
                0x10009358        0x4 CMakeFiles/freertos_demo.dir/usr/local/picosdk/src/common/pico_sync/mutex.c.o
                0x10009358                __pre_init_runtime_init_mutex
 .preinit_array.10080
                0x1000935c        0x4 CMakeFiles/freertos_demo.dir/usr/local/picosdk/src/rp2_common/pico_runtime_init/runtime_init.c.o
                0x1000935c                __pre_init_runtime_init_install_ram_vector_table
 .preinit_array.11000
                0x10009360        0x4 CMakeFiles/freertos_demo.dir/usr/local/picosdk/src/common/pico_time/time.c.o
                0x10009360                __pre_init_runtime_init_default_alarm_pool
 .preinit_array.YYYYY
                0x10009364        0x4 CMakeFiles/freertos_demo.dir/usr/local/picosdk/src/rp2_common/pico_runtime/runtime.c.o
                0x10009364                __pre_init_first_per_core_initializer
 .preinit_array.ZZZZZ.01200
                0x10009368        0x4 CMakeFiles/freertos_demo.dir/usr/local/picosdk/src/rp2_common/hardware_irq/irq.c.o
                0x10009368                __pre_init_runtime_init_per_core_irq_priorities
 *(.preinit_array)
                0x1000936c                        PROVIDE (__preinit_array_end = .)
                0x1000936c                        . = ALIGN (0x4)
                0x1000936c                        PROVIDE (__init_array_start = .)
 *(SORT_BY_NAME(.init_array.*))
 .init_array.00000
                0x1000936c        0x4 /usr/lib/gcc/arm-none-eabi/13.2.1/../../../arm-none-eabi/lib/thumb/v6-m/nofp/libg.a(libc_a-__call_atexit.o)
 *(.init_array)
 .init_array    0x10009370        0x4 /usr/lib/gcc/arm-none-eabi/13.2.1/thumb/v6-m/nofp/crtbegin.o
 .init_array    0x10009374        0x4 CMakeFiles/freertos_demo.dir/usr/local/picosdk/src/rp2_common/pico_unique_id/unique_id.c.o
 .init_array    0x10009378        0x4 CMakeFiles/freertos_demo.dir/usr/local/freertos/portable/ThirdParty/GCC/RP2040/port.c.o
                0x1000937c                        PROVIDE (__init_array_end = .)
                0x1000937c                        . = ALIGN (0x4)
                0x1000937c                        PROVIDE (__fini_array_start = .)
 *(SORT_BY_NAME(.fini_array.*))
 *(.fini_array)
                0x1000937c                        PROVIDE (__fini_array_end = .)
 *(.eh_frame*)
 .eh_frame      0x1000937c        0x0 /usr/lib/gcc/arm-none-eabi/13.2.1/thumb/v6-m/nofp/crtbegin.o
                0x1000937c                        . = ALIGN (0x4)

.glue_7         0x1000937c        0x0
 .glue_7        0x1000937c        0x0 linker stubs

.glue_7t        0x1000937c        0x0
 .glue_7t       0x1000937c        0x0 linker stubs

.vfp11_veneer   0x1000937c        0x0
 .vfp11_veneer  0x1000937c        0x0 linker stubs

.v4_bx          0x1000937c        0x0
 .v4_bx         0x1000937c        0x0 linker stubs

.iplt           0x1000937c        0x0
 .iplt          0x1000937c        0x0 /usr/lib/gcc/arm-none-eabi/13.2.1/thumb/v6-m/nofp/crtbegin.o

.rodata         0x10009380     0x209c
 *(EXCLUDE_FILE(*libm.a: *libc.a:*lib_a-mem*.o *libgcc.a:) .rodata*)
 .rodata._Z6vBlinkPv.str1.4
                0x10009380     0x1557 CMakeFiles/freertos_demo.dir/main.cpp.o
                                 0x10 (size before relaxing)
 .rodata.main.str1.4
                0x1000a8d7        0x6 CMakeFiles/freertos_demo.dir/main.cpp.o
 .rodata.rp2040_chip_version.str1.4
                0x1000a8d7       0x6d CMakeFiles/freertos_demo.dir/usr/local/picosdk/src/rp2040/pico_platform/platform.c.o
 *fill*         0x1000a8d7        0x1 
 .rodata.__func__.0
                0x1000a8d8       0x14 CMakeFiles/freertos_demo.dir/usr/local/picosdk/src/rp2040/pico_platform/platform.c.o
 .rodata.panic.str1.4
                0x1000a8ec       0x12 CMakeFiles/freertos_demo.dir/usr/local/picosdk/src/rp2_common/pico_platform_panic/panic.c.o
 .rodata.panic_unsupported.str1.4
                0x1000a8ec        0xe CMakeFiles/freertos_demo.dir/usr/local/picosdk/src/rp2_common/pico_platform_panic/panic.c.o
 .rodata.spin_lock_claim_unused.str1.4
                0x1000a8ec       0x1b CMakeFiles/freertos_demo.dir/usr/local/picosdk/src/rp2_common/hardware_sync/sync.c.o
 .rodata.resolve_j_16.str1.4
                0x1000a8ec       0x4d CMakeFiles/freertos_demo.dir/usr/local/picosdk/src/rp2_common/hardware_irq/irq.c.o
 .rodata.make_j_16.str1.4
                0x1000a8ec       0x30 CMakeFiles/freertos_demo.dir/usr/local/picosdk/src/rp2_common/hardware_irq/irq.c.o
 .rodata.insert_bl_32.str1.4
                0x1000a8ec       0x10 CMakeFiles/freertos_demo.dir/usr/local/picosdk/src/rp2_common/hardware_irq/irq.c.o
 .rodata.irq_set_exclusive_handler.str1.4
                0x1000a8ec       0x36 CMakeFiles/freertos_demo.dir/usr/local/picosdk/src/rp2_common/hardware_irq/irq.c.o
 .rodata.irq_add_shared_handler.str1.4
                0x1000a8ec       0xd2 CMakeFiles/freertos_demo.dir/usr/local/picosdk/src/rp2_common/hardware_irq/irq.c.o
 .rodata.irq_remove_handler.str1.4
                0x1000a8ec       0x3a CMakeFiles/freertos_demo.dir/usr/local/picosdk/src/rp2_common/hardware_irq/irq.c.o
 .rodata.irq_add_tail_to_free_list.str1.4
                0x1000a8ec       0x3a CMakeFiles/freertos_demo.dir/usr/local/picosdk/src/rp2_common/hardware_irq/irq.c.o
 .rodata.user_irq_claim_unused.str1.4
                0x1000a8ec       0x1b CMakeFiles/freertos_demo.dir/usr/local/picosdk/src/rp2_common/hardware_irq/irq.c.o
 .rodata.__func__.0
                0x1000a8ec       0x1a CMakeFiles/freertos_demo.dir/usr/local/picosdk/src/rp2_common/hardware_irq/irq.c.o
 *fill*         0x1000a906        0x2 
 .rodata.__func__.1
                0x1000a908        0xd CMakeFiles/freertos_demo.dir/usr/local/picosdk/src/rp2_common/hardware_irq/irq.c.o
 *fill*         0x1000a915        0x3 
 .rodata.__func__.2
                0x1000a918       0x13 CMakeFiles/freertos_demo.dir/usr/local/picosdk/src/rp2_common/hardware_irq/irq.c.o
 *fill*         0x1000a92b        0x1 
 .rodata.__func__.3
                0x1000a92c        0xa CMakeFiles/freertos_demo.dir/usr/local/picosdk/src/rp2_common/hardware_irq/irq.c.o
 *fill*         0x1000a936        0x2 
 .rodata.__func__.4
                0x1000a938        0xd CMakeFiles/freertos_demo.dir/usr/local/picosdk/src/rp2_common/hardware_irq/irq.c.o
 *fill*         0x1000a945        0x3 
 .rodata.__func__.5
                0x1000a948       0x17 CMakeFiles/freertos_demo.dir/usr/local/picosdk/src/rp2_common/hardware_irq/irq.c.o
 *fill*         0x1000a95f        0x1 
 .rodata.__func__.6
                0x1000a960       0x1a CMakeFiles/freertos_demo.dir/usr/local/picosdk/src/rp2_common/hardware_irq/irq.c.o
 .rodata.runtime_init_mutex.str1.4
                0x1000a97a       0x50 CMakeFiles/freertos_demo.dir/usr/local/picosdk/src/common/pico_sync/mutex.c.o
 .rodata.str1.4
                0x1000a97a       0x51 CMakeFiles/freertos_demo.dir/usr/local/picosdk/src/common/pico_sync/mutex.c.o
 *fill*         0x1000a97a        0x2 
 .rodata.__func__.1
                0x1000a97c        0xb CMakeFiles/freertos_demo.dir/usr/local/picosdk/src/common/pico_sync/mutex.c.o
 *fill*         0x1000a987        0x1 
 .rodata.__func__.3
                0x1000a988       0x18 CMakeFiles/freertos_demo.dir/usr/local/picosdk/src/common/pico_sync/mutex.c.o
 .rodata.__func__.6
                0x1000a9a0       0x13 CMakeFiles/freertos_demo.dir/usr/local/picosdk/src/common/pico_sync/mutex.c.o
 .rodata.alarm_pool_irq_handler.str1.4
                0x1000a9b3       0x5b CMakeFiles/freertos_demo.dir/usr/local/picosdk/src/common/pico_time/time.c.o
 .rodata.alarm_pool_get_default.str1.4
                0x1000a9b3       0x21 CMakeFiles/freertos_demo.dir/usr/local/picosdk/src/common/pico_time/time.c.o
 *fill*         0x1000a9b3        0x1 
 .rodata.__func__.1
                0x1000a9b4       0x17 CMakeFiles/freertos_demo.dir/usr/local/picosdk/src/common/pico_time/time.c.o
 *fill*         0x1000a9cb        0x1 
 .rodata.__func__.2
                0x1000a9cc       0x17 CMakeFiles/freertos_demo.dir/usr/local/picosdk/src/common/pico_time/time.c.o
 .rodata.timer_hardware_alarm_claim.str1.4
                0x1000a9e3       0x22 CMakeFiles/freertos_demo.dir/usr/local/picosdk/src/rp2_common/hardware_timer/timer.c.o
 .rodata.pll_init.str1.4
                0x1000a9e3      0x10c CMakeFiles/freertos_demo.dir/usr/local/picosdk/src/rp2_common/hardware_pll/pll.c.o
 *fill*         0x1000a9e3        0x1 
 .rodata.__func__.0
                0x1000a9e4        0x9 CMakeFiles/freertos_demo.dir/usr/local/picosdk/src/rp2_common/hardware_pll/pll.c.o
 .rodata.__aeabi_double_init.str1.4
                0x1000a9ed       0x8b CMakeFiles/freertos_demo.dir/usr/local/picosdk/src/rp2_common/pico_double/double_init_rom_rp2040.c.o
 *fill*         0x1000a9ed        0x3 
 .rodata.__func__.0
                0x1000a9f0       0x14 CMakeFiles/freertos_demo.dir/usr/local/picosdk/src/rp2_common/pico_double/double_init_rom_rp2040.c.o
 .rodata.__aeabi_float_init.str1.4
                0x1000aa04       0x7d CMakeFiles/freertos_demo.dir/usr/local/picosdk/src/rp2_common/pico_float/float_init_rom_rp2040.c.o
 .rodata.__func__.0
                0x1000aa04       0x13 CMakeFiles/freertos_demo.dir/usr/local/picosdk/src/rp2_common/pico_float/float_init_rom_rp2040.c.o
 .rodata.str1.4
                0x1000aa17       0x44 CMakeFiles/freertos_demo.dir/usr/local/picosdk/src/rp2_common/pico_standard_binary_info/standard_binary_info.c.o
 *fill*         0x1000aa17        0x1 
 .rodata.__bi_84
                0x1000aa18        0xc CMakeFiles/freertos_demo.dir/usr/local/picosdk/src/rp2_common/pico_standard_binary_info/standard_binary_info.c.o
 .rodata.__bi_78
                0x1000aa24        0xc CMakeFiles/freertos_demo.dir/usr/local/picosdk/src/rp2_common/pico_standard_binary_info/standard_binary_info.c.o
 .rodata.__bi_54
                0x1000aa30        0xc CMakeFiles/freertos_demo.dir/usr/local/picosdk/src/rp2_common/pico_standard_binary_info/standard_binary_info.c.o
 .rodata.__bi_48
                0x1000aa3c        0xc CMakeFiles/freertos_demo.dir/usr/local/picosdk/src/rp2_common/pico_standard_binary_info/standard_binary_info.c.o
 .rodata.__bi_42
                0x1000aa48        0xc CMakeFiles/freertos_demo.dir/usr/local/picosdk/src/rp2_common/pico_standard_binary_info/standard_binary_info.c.o
 .rodata.__bi_34
                0x1000aa54        0xc CMakeFiles/freertos_demo.dir/usr/local/picosdk/src/rp2_common/pico_standard_binary_info/standard_binary_info.c.o
 .rodata.__bi_26
                0x1000aa60        0xc CMakeFiles/freertos_demo.dir/usr/local/picosdk/src/rp2_common/pico_standard_binary_info/standard_binary_info.c.o
 .rodata._ftoa.str1.4
                0x1000aa6c       0x15 CMakeFiles/freertos_demo.dir/usr/local/picosdk/src/rp2_common/pico_printf/printf.c.o
 .rodata._vsnprintf
                0x1000aa6c      0x19c CMakeFiles/freertos_demo.dir/usr/local/picosdk/src/rp2_common/pico_printf/printf.c.o